Archive member included to satisfy reference by file (symbol)

c:/chibistudio/tools/gnu tools arm embedded/6.3 2017q1/bin/../lib/gcc/arm-none-eabi/6.3.1/../../../../arm-none-eabi/lib/thumb/v7e-m\libg.a(lib_a-memcpy.o)
                              C:\Users\johnb\AppData\Local\Temp\cc9b1gbG.ltrans4.ltrans.o (memcpy)
c:/chibistudio/tools/gnu tools arm embedded/6.3 2017q1/bin/../lib/gcc/arm-none-eabi/6.3.1/../../../../arm-none-eabi/lib/thumb/v7e-m\libg.a(lib_a-strchr.o)
                              C:\Users\johnb\AppData\Local\Temp\cc9b1gbG.ltrans6.ltrans.o (strchr)
c:/chibistudio/tools/gnu tools arm embedded/6.3 2017q1/bin/../lib/gcc/arm-none-eabi/6.3.1/../../../../arm-none-eabi/lib/thumb/v7e-m\libg.a(lib_a-strcmp.o)
                              C:\Users\johnb\AppData\Local\Temp\cc9b1gbG.ltrans6.ltrans.o (strcmp)
c:/chibistudio/tools/gnu tools arm embedded/6.3 2017q1/bin/../lib/gcc/arm-none-eabi/6.3.1/../../../../arm-none-eabi/lib/thumb/v7e-m\libg.a(lib_a-strpbrk.o)
                              C:\Users\johnb\AppData\Local\Temp\cc9b1gbG.ltrans6.ltrans.o (strpbrk)
c:/chibistudio/tools/gnu tools arm embedded/6.3 2017q1/bin/../lib/gcc/arm-none-eabi/6.3.1/../../../../arm-none-eabi/lib/thumb/v7e-m\libg.a(lib_a-strspn.o)
                              C:\Users\johnb\AppData\Local\Temp\cc9b1gbG.ltrans6.ltrans.o (strspn)

Discarded input sections

 .data          0x00000000        0x0 build/obj/crt0_v7m.o
 .bss           0x00000000        0x0 build/obj/crt0_v7m.o
 .data          0x00000000        0x0 build/obj/chcoreasm_v7m.o
 .bss           0x00000000        0x0 build/obj/chcoreasm_v7m.o
 .text          0x00000000        0x0 build/obj/crt1.o (symbol from plugin)
 .text          0x00000000        0x0 C:\Users\johnb\AppData\Local\Temp\cc9b1gbG.ltrans0.ltrans.o
 .data          0x00000000        0x0 C:\Users\johnb\AppData\Local\Temp\cc9b1gbG.ltrans0.ltrans.o
 .bss           0x00000000        0x0 C:\Users\johnb\AppData\Local\Temp\cc9b1gbG.ltrans0.ltrans.o
 .text          0x00000000        0x0 C:\Users\johnb\AppData\Local\Temp\cc9b1gbG.ltrans1.ltrans.o
 .data          0x00000000        0x0 C:\Users\johnb\AppData\Local\Temp\cc9b1gbG.ltrans1.ltrans.o
 .bss           0x00000000        0x0 C:\Users\johnb\AppData\Local\Temp\cc9b1gbG.ltrans1.ltrans.o
 .rodata.__func__.6705.lto_priv.123
                0x00000000       0x10 C:\Users\johnb\AppData\Local\Temp\cc9b1gbG.ltrans1.ltrans.o
 .text          0x00000000        0x0 C:\Users\johnb\AppData\Local\Temp\cc9b1gbG.ltrans2.ltrans.o
 .data          0x00000000        0x0 C:\Users\johnb\AppData\Local\Temp\cc9b1gbG.ltrans2.ltrans.o
 .bss           0x00000000        0x0 C:\Users\johnb\AppData\Local\Temp\cc9b1gbG.ltrans2.ltrans.o
 .text          0x00000000        0x0 C:\Users\johnb\AppData\Local\Temp\cc9b1gbG.ltrans3.ltrans.o
 .data          0x00000000        0x0 C:\Users\johnb\AppData\Local\Temp\cc9b1gbG.ltrans3.ltrans.o
 .bss           0x00000000        0x0 C:\Users\johnb\AppData\Local\Temp\cc9b1gbG.ltrans3.ltrans.o
 .rodata.__func__.6707.lto_priv.134
                0x00000000       0x11 C:\Users\johnb\AppData\Local\Temp\cc9b1gbG.ltrans3.ltrans.o
 .rodata.__func__.6712.lto_priv.131
                0x00000000       0x11 C:\Users\johnb\AppData\Local\Temp\cc9b1gbG.ltrans3.ltrans.o
 .text          0x00000000        0x0 C:\Users\johnb\AppData\Local\Temp\cc9b1gbG.ltrans4.ltrans.o
 .data          0x00000000        0x0 C:\Users\johnb\AppData\Local\Temp\cc9b1gbG.ltrans4.ltrans.o
 .bss           0x00000000        0x0 C:\Users\johnb\AppData\Local\Temp\cc9b1gbG.ltrans4.ltrans.o
 .text          0x00000000        0x0 C:\Users\johnb\AppData\Local\Temp\cc9b1gbG.ltrans5.ltrans.o
 .data          0x00000000        0x0 C:\Users\johnb\AppData\Local\Temp\cc9b1gbG.ltrans5.ltrans.o
 .bss           0x00000000        0x0 C:\Users\johnb\AppData\Local\Temp\cc9b1gbG.ltrans5.ltrans.o
 .text          0x00000000        0x0 C:\Users\johnb\AppData\Local\Temp\cc9b1gbG.ltrans6.ltrans.o
 .data          0x00000000        0x0 C:\Users\johnb\AppData\Local\Temp\cc9b1gbG.ltrans6.ltrans.o
 .bss           0x00000000        0x0 C:\Users\johnb\AppData\Local\Temp\cc9b1gbG.ltrans6.ltrans.o
 .rodata.__func__.6706.lto_priv.127
                0x00000000       0x10 C:\Users\johnb\AppData\Local\Temp\cc9b1gbG.ltrans6.ltrans.o
 .text          0x00000000        0x0 C:\Users\johnb\AppData\Local\Temp\cc9b1gbG.ltrans7.ltrans.o
 .data          0x00000000        0x0 C:\Users\johnb\AppData\Local\Temp\cc9b1gbG.ltrans7.ltrans.o
 .bss           0x00000000        0x0 C:\Users\johnb\AppData\Local\Temp\cc9b1gbG.ltrans7.ltrans.o
 .text          0x00000000        0x0 C:\Users\johnb\AppData\Local\Temp\cc9b1gbG.ltrans8.ltrans.o
 .data          0x00000000        0x0 C:\Users\johnb\AppData\Local\Temp\cc9b1gbG.ltrans8.ltrans.o
 .bss           0x00000000        0x0 C:\Users\johnb\AppData\Local\Temp\cc9b1gbG.ltrans8.ltrans.o
 .rodata.__func__.6708.lto_priv.147
                0x00000000       0x1b C:\Users\johnb\AppData\Local\Temp\cc9b1gbG.ltrans8.ltrans.o
[...]
Memory Configuration

Name             Origin             Length             Attributes
flash0           0x08000000         0x00100000
flash1           0x00000000         0x00000000
flash2           0x00000000         0x00000000
flash3           0x00000000         0x00000000
flash4           0x00000000         0x00000000
flash5           0x00000000         0x00000000
flash6           0x00000000         0x00000000
flash7           0x00000000         0x00000000
ram0             0x20000000         0x00020000
ram1             0x20000000         0x0001c000
ram2             0x2001c000         0x00004000
ram3             0x00000000         0x00000000
ram4             0x10000000         0x00010000
ram5             0x40024000         0x00001000
ram6             0x00000000         0x00000000
ram7             0x00000000         0x00000000
*default*        0x00000000         0xffffffff

Linker script and memory map

LOAD build/obj/crt0_v7m.o
LOAD build/obj/chcoreasm_v7m.o
LOAD build/obj/crt1.o
LOAD C:\Users\johnb\AppData\Local\Temp\cc9b1gbG.ltrans0.ltrans.o
LOAD C:\Users\johnb\AppData\Local\Temp\cc9b1gbG.ltrans1.ltrans.o
LOAD C:\Users\johnb\AppData\Local\Temp\cc9b1gbG.ltrans2.ltrans.o
LOAD C:\Users\johnb\AppData\Local\Temp\cc9b1gbG.ltrans3.ltrans.o
LOAD C:\Users\johnb\AppData\Local\Temp\cc9b1gbG.ltrans4.ltrans.o
LOAD C:\Users\johnb\AppData\Local\Temp\cc9b1gbG.ltrans5.ltrans.o
LOAD C:\Users\johnb\AppData\Local\Temp\cc9b1gbG.ltrans6.ltrans.o
LOAD C:\Users\johnb\AppData\Local\Temp\cc9b1gbG.ltrans7.ltrans.o
LOAD C:\Users\johnb\AppData\Local\Temp\cc9b1gbG.ltrans8.ltrans.o
LOAD C:\Users\johnb\AppData\Local\Temp\cc9b1gbG.ltrans9.ltrans.o
LOAD C:\Users\johnb\AppData\Local\Temp\cc9b1gbG.ltrans10.ltrans.o
LOAD C:\Users\johnb\AppData\Local\Temp\cc9b1gbG.ltrans11.ltrans.o
LOAD C:\Users\johnb\AppData\Local\Temp\cc9b1gbG.ltrans12.ltrans.o
LOAD build/obj/vectors.o
LOAD build/obj/chsys.o
LOAD build/obj/chdebug.o
LOAD build/obj/chtrace.o
LOAD build/obj/chvt.o
LOAD build/obj/chschd.o
LOAD build/obj/chthreads.o
LOAD build/obj/chtm.o
LOAD build/obj/chregistry.o
LOAD build/obj/chsem.o
LOAD build/obj/chmtx.o
LOAD build/obj/chcond.o
LOAD build/obj/chevents.o
LOAD build/obj/chmsg.o
LOAD build/obj/chdynamic.o
LOAD build/obj/chmboxes.o
LOAD build/obj/chmemcore.o
LOAD build/obj/chheap.o
LOAD build/obj/chmempools.o
LOAD build/obj/chcore.o
LOAD build/obj/chcore_v7m.o
LOAD build/obj/osal.o
LOAD build/obj/hal.o
LOAD build/obj/hal_st.o
LOAD build/obj/hal_buffers.o
LOAD build/obj/hal_queues.o
LOAD build/obj/hal_mmcsd.o
LOAD build/obj/hal_pal.o
LOAD build/obj/hal_serial_usb.o
LOAD build/obj/hal_usb.o
LOAD build/obj/nvic.o
LOAD build/obj/hal_lld.o
LOAD build/obj/stm32_dma.o
LOAD build/obj/hal_pal_lld.o
LOAD build/obj/hal_usb_lld.o
LOAD build/obj/hal_st_lld.o
LOAD build/obj/board.o
LOAD build/obj/ch_test.o
LOAD build/obj/test_root.o
LOAD build/obj/test_sequence_001.o
LOAD build/obj/test_sequence_002.o
LOAD build/obj/test_sequence_003.o
LOAD build/obj/test_sequence_004.o
LOAD build/obj/test_sequence_005.o
LOAD build/obj/test_sequence_006.o
LOAD build/obj/test_sequence_007.o
LOAD build/obj/test_sequence_008.o
LOAD build/obj/test_sequence_009.o
LOAD build/obj/test_sequence_010.o
LOAD build/obj/test_sequence_011.o
LOAD build/obj/test_sequence_012.o
LOAD build/obj/chprintf.o
LOAD build/obj/memstreams.o
LOAD build/obj/nullstreams.o
LOAD build/obj/shell.o
LOAD build/obj/shell_cmd.o
LOAD build/obj/usbcfg.o
LOAD build/obj/main.o

.mstack         0x20000000      0x400
                0x20000000                . = ALIGN (0x8)
                0x20000000                __main_stack_base__ = .
                0x20000400                . = (. + __main_stack_size__)
 *fill*         0x20000000      0x400 
                0x20000400                . = ALIGN (0x8)
                0x20000400                __main_stack_end__ = .

.pstack         0x20000400      0x400
                0x20000400                __process_stack_base__ = .
                0x20000400                __main_thread_stack_base__ = .
                0x20000800                . = (. + __process_stack_size__)
 *fill*         0x20000400      0x400 
                0x20000800                . = ALIGN (0x8)
                0x20000800                __process_stack_end__ = .
                0x20000800                __main_thread_stack_end__ = .

.vectors        0x08000000      0x1c0
 *(.vectors)
 .vectors       0x08000000      0x1c0 C:\Users\johnb\AppData\Local\Temp\cc9b1gbG.ltrans11.ltrans.o
                0x08000000                _vectors

.xtors          0x080001c0        0x0
                0x080001c0                __init_array_start = .
 *(SORT(.init_array.*))
 *(.init_array)
                0x080001c0                __init_array_end = .
                0x080001c0                __fini_array_start = .
 *(.fini_array)
 *(SORT(.fini_array.*))
                0x080001c0                __fini_array_end = .

.text           0x080001c0     0xa3c4
 *(.text)
 .text          0x080001c0       0xd4 build/obj/crt0_v7m.o
                0x080001c0                Reset_Handler
 .text          0x08000294       0x34 build/obj/chcoreasm_v7m.o
                0x08000294                _port_switch
                0x080002a4                _port_thread_start
                0x080002b8                _port_switch_from_isr
                0x080002c4                _port_exit_from_isr
 .text          0x080002c8      0x134 c:/chibistudio/tools/gnu tools arm embedded/6.3 2017q1/bin/../lib/gcc/arm-none-eabi/6.3.1/../../../../arm-none-eabi/lib/thumb/v7e-m\libg.a(lib_a-memcpy.o)
                0x080002c8                memcpy
 *fill*         0x080003fc        0x4 
 .text          0x08000400      0x2dc c:/chibistudio/tools/gnu tools arm embedded/6.3 2017q1/bin/../lib/gcc/arm-none-eabi/6.3.1/../../../../arm-none-eabi/lib/thumb/v7e-m\libg.a(lib_a-strcmp.o)
                0x08000408                strcmp
 *(.text.*)
 *fill*         0x080006dc        0x4 
 .text._idle_thread.lto_priv.115
                0x080006e0        0x4 C:\Users\johnb\AppData\Local\Temp\cc9b1gbG.ltrans0.ltrans.o
                0x080006e0                _idle_thread.lto_priv.115
 *fill*         0x080006e4        0xc 
 .text.chTMStopMeasurementX
                0x080006f0       0x44 C:\Users\johnb\AppData\Local\Temp\cc9b1gbG.ltrans0.ltrans.o
                0x080006f0                chTMStopMeasurementX
 *fill*         0x08000734        0xc 
 .text.trace_next.lto_priv.92
                0x08000740       0x38 C:\Users\johnb\AppData\Local\Temp\cc9b1gbG.ltrans0.ltrans.o
                0x08000740                trace_next.lto_priv.92
 *fill*         0x08000778        0x8 
 .text._trace_isr_leave
                0x08000780       0x34 C:\Users\johnb\AppData\Local\Temp\cc9b1gbG.ltrans0.ltrans.o
                0x08000780                _trace_isr_leave
 *fill*         0x080007b4        0xc 
 .text._trace_isr_enter
                0x080007c0       0x34 C:\Users\johnb\AppData\Local\Temp\cc9b1gbG.ltrans0.ltrans.o
                0x080007c0                _trace_isr_enter
 *fill*         0x080007f4        0xc 
 .text.chSysPolledDelayX
                0x08000800       0x14 C:\Users\johnb\AppData\Local\Temp\cc9b1gbG.ltrans0.ltrans.o
                0x08000800                chSysPolledDelayX
 *fill*         0x08000814        0xc 
 .text.chSysHalt
                0x08000820       0x30 C:\Users\johnb\AppData\Local\Temp\cc9b1gbG.ltrans0.ltrans.o
                0x08000820                chSysHalt
 .text.chDbgCheckClassS
                0x08000850       0x20 C:\Users\johnb\AppData\Local\Temp\cc9b1gbG.ltrans0.ltrans.o
                0x08000850                chDbgCheckClassS
 .text.chSchGoSleepS
                0x08000870       0x4c C:\Users\johnb\AppData\Local\Temp\cc9b1gbG.ltrans0.ltrans.o
                0x08000870                chSchGoSleepS
 *fill*         0x080008bc        0x4 
 .text.chDbgCheckClassI
                0x080008c0       0x20 C:\Users\johnb\AppData\Local\Temp\cc9b1gbG.ltrans0.ltrans.o
                0x080008c0                chDbgCheckClassI
 .text.chThdCreateSuspendedI
                0x080008e0       0xb4 C:\Users\johnb\AppData\Local\Temp\cc9b1gbG.ltrans0.ltrans.o
                0x080008e0                chThdCreateSuspendedI
 *fill*         0x08000994        0xc 
 .text.chSchDoRescheduleAhead
                0x080009a0       0x78 C:\Users\johnb\AppData\Local\Temp\cc9b1gbG.ltrans0.ltrans.o
                0x080009a0                chSchDoReschedule
 *fill*         0x08000a18        0x8 
 .text.chSchRescheduleS
                0x08000a20       0x28 C:\Users\johnb\AppData\Local\Temp\cc9b1gbG.ltrans0.ltrans.o
                0x08000a20                chSchRescheduleS
 *fill*         0x08000a48        0x8 
 .text.chSchReadyI
                0x08000a50       0x44 C:\Users\johnb\AppData\Local\Temp\cc9b1gbG.ltrans0.ltrans.o
                0x08000a50                chSchReadyI
 *fill*         0x08000a94        0xc 
 .text.chEvtSignalI
                0x08000aa0       0x48 C:\Users\johnb\AppData\Local\Temp\cc9b1gbG.ltrans0.ltrans.o
                0x08000aa0                chEvtSignalI
 *fill*         0x08000ae8        0x8 
 .text.chEvtBroadcastFlagsI
                0x08000af0       0x3c C:\Users\johnb\AppData\Local\Temp\cc9b1gbG.ltrans0.ltrans.o
                0x08000af0                chEvtBroadcastFlagsI
 *fill*         0x08000b2c        0x4 
 .text.chMtxUnlockS
                0x08000b30       0x84 C:\Users\johnb\AppData\Local\Temp\cc9b1gbG.ltrans0.ltrans.o
                0x08000b30                chMtxUnlockS
 *fill*         0x08000bb4        0xc 
 .text.chMtxLockS
                0x08000bc0       0xe8 C:\Users\johnb\AppData\Local\Temp\cc9b1gbG.ltrans0.ltrans.o
                0x08000bc0                chMtxLockS
 *fill*         0x08000ca8        0x8 
 .text.chSemSignalI
                0x08000cb0       0x44 C:\Users\johnb\AppData\Local\Temp\cc9b1gbG.ltrans0.ltrans.o
                0x08000cb0                chSemSignalI
 *fill*         0x08000cf4        0xc 
 .text.chThdExitS
                0x08000d00       0x50 C:\Users\johnb\AppData\Local\Temp\cc9b1gbG.ltrans0.ltrans.o
                0x08000d00                chThdExitS
 .text.chSchWakeupS
                0x08000d50       0x74 C:\Users\johnb\AppData\Local\Temp\cc9b1gbG.ltrans0.ltrans.o
                0x08000d50                chSchWakeupS
 *fill*         0x08000dc4        0xc 
 .text.chVTDoResetI
                0x08000dd0       0x8c C:\Users\johnb\AppData\Local\Temp\cc9b1gbG.ltrans0.ltrans.o
                0x08000dd0                chVTDoResetI
 *fill*         0x08000e5c        0x4 
 .text.chVTDoSetI
                0x08000e60       0xc4 C:\Users\johnb\AppData\Local\Temp\cc9b1gbG.ltrans0.ltrans.o
                0x08000e60                chVTDoSetI
 *fill*         0x08000f24        0xc 
 .text.chSchGoSleepTimeoutS
                0x08000f30       0x54 C:\Users\johnb\AppData\Local\Temp\cc9b1gbG.ltrans0.ltrans.o
                0x08000f30                chSchGoSleepTimeoutS
 *fill*         0x08000f84        0xc 
 .text.chSemWaitTimeoutS
                0x08000f90       0x5c C:\Users\johnb\AppData\Local\Temp\cc9b1gbG.ltrans0.ltrans.o
                0x08000f90                chSemWaitTimeoutS
 *fill*         0x08000fec        0x4 
 .text.chThdEnqueueTimeoutS
                0x08000ff0       0x28 C:\Users\johnb\AppData\Local\Temp\cc9b1gbG.ltrans0.ltrans.o
                0x08000ff0                chThdEnqueueTimeoutS
 *fill*         0x08001018        0x8 
 .text.chSysIntegrityCheckI
                0x08001020       0xc0 C:\Users\johnb\AppData\Local\Temp\cc9b1gbG.ltrans0.ltrans.o
                0x08001020                chSysIntegrityCheckI
 .text._dbg_check_leave_isr
                0x080010e0       0x2c C:\Users\johnb\AppData\Local\Temp\cc9b1gbG.ltrans0.ltrans.o
                0x080010e0                _dbg_check_leave_isr
 *fill*         0x0800110c        0x4 
 .text._dbg_check_enter_isr
                0x08001110       0x2c C:\Users\johnb\AppData\Local\Temp\cc9b1gbG.ltrans0.ltrans.o
                0x08001110                _dbg_check_enter_isr
 *fill*         0x0800113c        0x4 
 .text._dbg_check_unlock_from_isr
                0x08001140       0x24 C:\Users\johnb\AppData\Local\Temp\cc9b1gbG.ltrans0.ltrans.o
                0x08001140                _dbg_check_unlock_from_isr
 *fill*         0x08001164        0xc 
 .text._dbg_check_lock_from_isr
                0x08001170       0x24 C:\Users\johnb\AppData\Local\Temp\cc9b1gbG.ltrans0.ltrans.o
                0x08001170                _dbg_check_lock_from_isr
 *fill*         0x08001194        0xc 
 .text.wakeup   0x080011a0       0x64 C:\Users\johnb\AppData\Local\Temp\cc9b1gbG.ltrans0.ltrans.o
 *fill*         0x08001204        0xc 
 .text._dbg_check_unlock
                0x08001210       0x20 C:\Users\johnb\AppData\Local\Temp\cc9b1gbG.ltrans0.ltrans.o
                0x08001210                _dbg_check_unlock
 .text.chSysUnlock.lto_priv.83
                0x08001230       0x30 C:\Users\johnb\AppData\Local\Temp\cc9b1gbG.ltrans0.ltrans.o
                0x08001230                chSysUnlock.lto_priv.83
 .text._dbg_check_lock
                0x08001260       0x20 C:\Users\johnb\AppData\Local\Temp\cc9b1gbG.ltrans0.ltrans.o
                0x08001260                _dbg_check_lock
 .text.chThdCreateFromHeap
                0x08001280       0x88 C:\Users\johnb\AppData\Local\Temp\cc9b1gbG.ltrans0.ltrans.o
                0x08001280                chThdCreateFromHeap
 *fill*         0x08001308        0x8 
 .text.chMsgRelease
                0x08001310       0x5c C:\Users\johnb\AppData\Local\Temp\cc9b1gbG.ltrans0.ltrans.o
                0x08001310                chMsgRelease
 *fill*         0x0800136c        0x4 
 .text.chMsgWait
                0x08001370       0x68 C:\Users\johnb\AppData\Local\Temp\cc9b1gbG.ltrans0.ltrans.o
                0x08001370                chMsgWait
 *fill*         0x080013d8        0x8 
 .text.chMsgSend
                0x080013e0       0x74 C:\Users\johnb\AppData\Local\Temp\cc9b1gbG.ltrans0.ltrans.o
                0x080013e0                chMsgSend
 *fill*         0x08001454        0xc 
 .text.chEvtAddEvents
                0x08001460       0x44 C:\Users\johnb\AppData\Local\Temp\cc9b1gbG.ltrans0.ltrans.o
                0x08001460                chEvtAddEvents
 *fill*         0x080014a4        0xc 
 .text.chEvtUnregister
                0x080014b0       0x60 C:\Users\johnb\AppData\Local\Temp\cc9b1gbG.ltrans0.ltrans.o
                0x080014b0                chEvtUnregister
 .text.chMtxUnlock
                0x08001510       0xb4 C:\Users\johnb\AppData\Local\Temp\cc9b1gbG.ltrans0.ltrans.o
                0x08001510                chMtxUnlock
 *fill*         0x080015c4        0xc 
 .text.chMtxLock
                0x080015d0       0x40 C:\Users\johnb\AppData\Local\Temp\cc9b1gbG.ltrans0.ltrans.o
                0x080015d0                chMtxLock
 .text.chSemSignal
                0x08001610       0x70 C:\Users\johnb\AppData\Local\Temp\cc9b1gbG.ltrans0.ltrans.o
                0x08001610                chSemSignal
 .text.chSemWait
                0x08001680       0x80 C:\Users\johnb\AppData\Local\Temp\cc9b1gbG.ltrans0.ltrans.o
                0x08001680                chSemWait
 .text.chSemReset
                0x08001700       0x88 C:\Users\johnb\AppData\Local\Temp\cc9b1gbG.ltrans0.ltrans.o
                0x08001700                chSemReset
 *fill*         0x08001788        0x8 
 .text.chThdYield
                0x08001790       0x84 C:\Users\johnb\AppData\Local\Temp\cc9b1gbG.ltrans0.ltrans.o
                0x08001790                chThdYield
 *fill*         0x08001814        0xc 
 .text.chThdSleep
                0x08001820       0x50 C:\Users\johnb\AppData\Local\Temp\cc9b1gbG.ltrans0.ltrans.o
                0x08001820                chThdSleep
 .text.chThdSetPriority
                0x08001870       0x60 C:\Users\johnb\AppData\Local\Temp\cc9b1gbG.ltrans0.ltrans.o
                0x08001870                chThdSetPriority
 .text.chThdExit
                0x080018d0       0x14 C:\Users\johnb\AppData\Local\Temp\cc9b1gbG.ltrans0.ltrans.o
                0x080018d0                chThdExit
 *fill*         0x080018e4        0xc 
 .text.chThdRelease
                0x080018f0       0xd0 C:\Users\johnb\AppData\Local\Temp\cc9b1gbG.ltrans0.ltrans.o
                0x080018f0                chThdRelease
 .text.chRegNextThread
                0x080019c0       0x64 C:\Users\johnb\AppData\Local\Temp\cc9b1gbG.ltrans0.ltrans.o
                0x080019c0                chRegNextThread
 *fill*         0x08001a24        0xc 
 .text.chRegFindThreadByWorkingArea
                0x08001a30       0x5c C:\Users\johnb\AppData\Local\Temp\cc9b1gbG.ltrans0.ltrans.o
                0x08001a30                chRegFindThreadByWorkingArea
 *fill*         0x08001a8c        0x4 
 .text.chThdWait
                0x08001a90       0x70 C:\Users\johnb\AppData\Local\Temp\cc9b1gbG.ltrans0.ltrans.o
                0x08001a90                chThdWait
 .text.chSysGetStatusAndLockX.part.1
                0x08001b00       0x20 C:\Users\johnb\AppData\Local\Temp\cc9b1gbG.ltrans0.ltrans.o
                0x08001b00                chSysGetStatusAndLockX.part.1
 .text._dbg_check_enable
                0x08001b20       0x1c C:\Users\johnb\AppData\Local\Temp\cc9b1gbG.ltrans0.ltrans.o
                0x08001b20                _dbg_check_enable
 *fill*         0x08001b3c        0x4 
 .text._dbg_check_suspend
                0x08001b40       0x1c C:\Users\johnb\AppData\Local\Temp\cc9b1gbG.ltrans0.ltrans.o
                0x08001b40                _dbg_check_suspend
 *fill*         0x08001b5c        0x4 
 .text.chSysRestoreStatusX.part.2
                0x08001b60       0x48 C:\Users\johnb\AppData\Local\Temp\cc9b1gbG.ltrans0.ltrans.o
                0x08001b60                chSysRestoreStatusX.part.2
 *fill*         0x08001ba8        0x8 
 .text._unhandled_exception
                0x08001bb0        0x4 C:\Users\johnb\AppData\Local\Temp\cc9b1gbG.ltrans0.ltrans.o
                0x08001bb0                Vector58
                0x08001bb0                VectorE8
                0x08001bb0                Vector9C
                0x08001bb0                VectorAC
                0x08001bb0                DebugMon_Handler
                0x08001bb0                Vector1A0
                0x08001bb0                Vector5C
                0x08001bb0                Vector11C
                0x08001bb0                HardFault_Handler
                0x08001bb0                Vector1B8
                0x08001bb0                Vector19C
                0x08001bb0                Vector8C
                0x08001bb0                SysTick_Handler
                0x08001bb0                VectorDC
                0x08001bb0                PendSV_Handler
                0x08001bb0                Vector168
                0x08001bb0                NMI_Handler
                0x08001bb0                Vector110
                0x08001bb0                Vector120
                0x08001bb0                VectorC8
                0x08001bb0                Vector94
                0x08001bb0                VectorA8
                0x08001bb0                VectorB4
                0x08001bb0                Vector74
                0x08001bb0                Vector160
                0x08001bb0                Vector1B0
                0x08001bb0                UsageFault_Handler
                0x08001bb0                VectorEC
                0x08001bb0                Vector40
                0x08001bb0                VectorF8
                0x08001bb0                Vector108
                0x08001bb0                VectorBC
                0x08001bb0                Vector190
                0x08001bb0                Vector150
                0x08001bb0                Vector124
                0x08001bb0                Vector148
                0x08001bb0                Vector188
                0x08001bb0                Vector198
                0x08001bb0                Vector118
                0x08001bb0                Vector64
                0x08001bb0                VectorCC
                0x08001bb0                Vector54
                0x08001bb0                Vector98
                0x08001bb0                VectorD8
                0x08001bb0                Vector138
                0x08001bb0                Vector24
                0x08001bb0                Vector1AC
                0x08001bb0                Vector178
                0x08001bb0                Vector84
                0x08001bb0                Vector1A4
                0x08001bb0                VectorD0
                0x08001bb0                Vector1B4
                0x08001bb0                Vector140
                0x08001bb0                VectorE4
                0x08001bb0                VectorC0
                0x08001bb0                Vector158
                0x08001bb0                Vector130
                0x08001bb0                Vector134
                0x08001bb0                VectorF0
                0x08001bb0                Vector12C
                0x08001bb0                Vector13C
                0x08001bb0                Vector100
                0x08001bb0                VectorE0
                0x08001bb0                VectorF4
                0x08001bb0                MemManage_Handler
                0x08001bb0                Vector6C
                0x08001bb0                VectorA0
                0x08001bb0                VectorC4
                0x08001bb0                Vector7C
                0x08001bb0                Vector180
                0x08001bb0                Vector90
                0x08001bb0                Vector114
                0x08001bb0                Vector164
                0x08001bb0                Vector60
                0x08001bb0                Vector1C
                0x08001bb0                Vector1BC
                0x08001bb0                Vector17C
                0x08001bb0                Vector48
                0x08001bb0                Vector1A8
                0x08001bb0                Vector16C
                0x08001bb0                Vector70
                0x08001bb0                VectorD4
                0x08001bb0                Vector4C
                0x08001bb0                Vector144
                0x08001bb0                Vector80
                0x08001bb0                Vector15C
                0x08001bb0                Vector68
                0x08001bb0                Vector78
                0x08001bb0                _unhandled_exception
                0x08001bb0                Vector170
                0x08001bb0                Vector88
                0x08001bb0                Vector104
                0x08001bb0                Vector184
                0x08001bb0                Vector10C
                0x08001bb0                BusFault_Handler
                0x08001bb0                Vector50
                0x08001bb0                Vector194
                0x08001bb0                Vector154
                0x08001bb0                Vector44
                0x08001bb0                Vector28
                0x08001bb0                VectorB8
                0x08001bb0                VectorFC
                0x08001bb0                Vector34
                0x08001bb0                Vector128
                0x08001bb0                VectorA4
                0x08001bb0                Vector20
                0x08001bb0                Vector18C
 *fill*         0x08001bb4        0xc 
 .text.__init_ram_areas
                0x08001bc0       0x60 C:\Users\johnb\AppData\Local\Temp\cc9b1gbG.ltrans0.ltrans.o
                0x08001bc0                __init_ram_areas
 .text.__default_exit
                0x08001c20        0x4 C:\Users\johnb\AppData\Local\Temp\cc9b1gbG.ltrans0.ltrans.o
                0x08001c20                __default_exit
 *fill*         0x08001c24        0xc 
 .text.__late_init
                0x08001c30        0x4 C:\Users\johnb\AppData\Local\Temp\cc9b1gbG.ltrans0.ltrans.o
                0x08001c30                __late_init
 *fill*         0x08001c34        0xc 
 .text.__core_init
                0x08001c40        0x4 C:\Users\johnb\AppData\Local\Temp\cc9b1gbG.ltrans0.ltrans.o
                0x08001c40                __core_init
 *fill*         0x08001c44        0xc 
 .text.Thread1  0x08001c50       0x4c C:\Users\johnb\AppData\Local\Temp\cc9b1gbG.ltrans1.ltrans.o
 *fill*         0x08001c9c        0x4 
 .text.cmd_write
                0x08001ca0       0x4c C:\Users\johnb\AppData\Local\Temp\cc9b1gbG.ltrans1.ltrans.o
 *fill*         0x08001cec        0x4 
 .text.chMBPostI.constprop.31
                0x08001cf0       0x58 C:\Users\johnb\AppData\Local\Temp\cc9b1gbG.ltrans1.ltrans.o
                0x08001cf0                chMBPostI.constprop.31
 *fill*         0x08001d48        0x8 
 .text.chMBPostAheadI.constprop.28
                0x08001d50       0x58 C:\Users\johnb\AppData\Local\Temp\cc9b1gbG.ltrans1.ltrans.o
                0x08001d50                chMBPostAheadI.constprop.28
 *fill*         0x08001da8        0x8 
 .text.chMBFetchI.constprop.25
                0x08001db0       0x5c C:\Users\johnb\AppData\Local\Temp\cc9b1gbG.ltrans1.ltrans.o
                0x08001db0                chMBFetchI.constprop.25
 *fill*         0x08001e0c        0x4 
 .text._test_assert_time_window.constprop.3
                0x08001e10       0x34 C:\Users\johnb\AppData\Local\Temp\cc9b1gbG.ltrans1.ltrans.o
                0x08001e10                _test_assert_time_window.constprop.3
 *fill*         0x08001e44        0xc 
 .text.chMBPostAhead.constprop.29
                0x08001e50       0xac C:\Users\johnb\AppData\Local\Temp\cc9b1gbG.ltrans1.ltrans.o
                0x08001e50                chMBPostAhead.constprop.29
 *fill*         0x08001efc        0x4 
 .text.chMBReset.constprop.34
                0x08001f00       0x40 C:\Users\johnb\AppData\Local\Temp\cc9b1gbG.ltrans1.ltrans.o
                0x08001f00                chMBReset.constprop.34
 .text.chMBPost.constprop.32
                0x08001f40       0xb0 C:\Users\johnb\AppData\Local\Temp\cc9b1gbG.ltrans1.ltrans.o
                0x08001f40                chMBPost.constprop.32
 .text.chMBFetch.constprop.26
                0x08001ff0       0xb0 C:\Users\johnb\AppData\Local\Temp\cc9b1gbG.ltrans1.ltrans.o
                0x08001ff0                chMBFetch.constprop.26
 .text.chGuardedPoolAllocTimeout.constprop.20
                0x080020a0       0x5c C:\Users\johnb\AppData\Local\Temp\cc9b1gbG.ltrans1.ltrans.o
                0x080020a0                chGuardedPoolAllocTimeout.constprop.20
 *fill*         0x080020fc        0x4 
 .text.startup.main
                0x08002100      0x754 C:\Users\johnb\AppData\Local\Temp\cc9b1gbG.ltrans1.ltrans.o
                0x08002100                main
 *fill*         0x08002854        0xc 
 .text.thread1.lto_priv.155
                0x08002860       0x20 C:\Users\johnb\AppData\Local\Temp\cc9b1gbG.ltrans2.ltrans.o
                0x08002860                thread1.lto_priv.155
 .text.test_004_005_setup.lto_priv.195
                0x08002880       0x10 C:\Users\johnb\AppData\Local\Temp\cc9b1gbG.ltrans2.ltrans.o
                0x08002880                test_004_005_setup.lto_priv.195
 .text.test_004_004_setup
                0x08002890        0x4 C:\Users\johnb\AppData\Local\Temp\cc9b1gbG.ltrans2.ltrans.o
                0x08002890                test_004_004_setup.lto_priv.193
 *fill*         0x08002894        0xc 
 .text.test_004_003_setup
                0x080028a0        0x4 C:\Users\johnb\AppData\Local\Temp\cc9b1gbG.ltrans2.ltrans.o
                0x080028a0                test_004_003_setup.lto_priv.191
 *fill*         0x080028a4        0xc 
 .text.test_004_002_setup
                0x080028b0        0x4 C:\Users\johnb\AppData\Local\Temp\cc9b1gbG.ltrans2.ltrans.o
                0x080028b0                test_004_002_setup.lto_priv.189
 *fill*         0x080028b4        0xc 
 .text.test_004_001_setup.lto_priv.186
                0x080028c0       0x10 C:\Users\johnb\AppData\Local\Temp\cc9b1gbG.ltrans2.ltrans.o
                0x080028c0                test_004_001_setup.lto_priv.186
 .text.thread4A.lto_priv.152
                0x080028d0       0x20 C:\Users\johnb\AppData\Local\Temp\cc9b1gbG.ltrans2.ltrans.o
                0x080028d0                thread4A.lto_priv.152
 .text.test_004_001_teardown.lto_priv.187
                0x080028f0        0xc C:\Users\johnb\AppData\Local\Temp\cc9b1gbG.ltrans2.ltrans.o
                0x080028f0                test_004_001_teardown.lto_priv.187
 *fill*         0x080028fc        0x4 
 .text.test_004_006_teardown.lto_priv.154
                0x08002900        0x4 C:\Users\johnb\AppData\Local\Temp\cc9b1gbG.ltrans2.ltrans.o
                0x08002900                test_004_006_teardown.lto_priv.154
 *fill*         0x08002904        0xc 
 .text.test_004_005_teardown
                0x08002910        0x4 C:\Users\johnb\AppData\Local\Temp\cc9b1gbG.ltrans2.ltrans.o
                0x08002910                test_004_005_teardown.lto_priv.196
 *fill*         0x08002914        0xc 
 .text.test_004_005_execute.lto_priv.197
                0x08002920       0x9c C:\Users\johnb\AppData\Local\Temp\cc9b1gbG.ltrans2.ltrans.o
                0x08002920                test_004_005_execute.lto_priv.197
 *fill*         0x080029bc        0x4 
 .text.test_004_002_execute.lto_priv.190
                0x080029c0       0xf0 C:\Users\johnb\AppData\Local\Temp\cc9b1gbG.ltrans2.ltrans.o
                0x080029c0                test_004_002_execute.lto_priv.190
 .text.thread6.lto_priv.149
                0x08002ab0       0xa0 C:\Users\johnb\AppData\Local\Temp\cc9b1gbG.ltrans2.ltrans.o
                0x08002ab0                thread6.lto_priv.149
 .text.thread4B.lto_priv.153
                0x08002b50       0x54 C:\Users\johnb\AppData\Local\Temp\cc9b1gbG.ltrans2.ltrans.o
                0x08002b50                thread4B.lto_priv.153
 *fill*         0x08002ba4        0xc 
 .text.test_004_006_execute.lto_priv.198
                0x08002bb0      0x2cc C:\Users\johnb\AppData\Local\Temp\cc9b1gbG.ltrans2.ltrans.o
                0x08002bb0                test_004_006_execute.lto_priv.198
 *fill*         0x08002e7c        0x4 
 .text.test_004_004_execute.lto_priv.194
                0x08002e80      0x128 C:\Users\johnb\AppData\Local\Temp\cc9b1gbG.ltrans2.ltrans.o
                0x08002e80                test_004_004_execute.lto_priv.194
 *fill*         0x08002fa8        0x8 
 .text.test_004_003_execute.lto_priv.192
                0x08002fb0      0x1e4 C:\Users\johnb\AppData\Local\Temp\cc9b1gbG.ltrans2.ltrans.o
                0x08002fb0                test_004_003_execute.lto_priv.192
 *fill*         0x08003194        0xc 
 .text.test_004_001_execute.lto_priv.188
                0x080031a0      0x120 C:\Users\johnb\AppData\Local\Temp\cc9b1gbG.ltrans2.ltrans.o
                0x080031a0                test_004_001_execute.lto_priv.188
 .text.thread4  0x080032c0       0x50 C:\Users\johnb\AppData\Local\Temp\cc9b1gbG.ltrans2.ltrans.o
 .text.tmo.lto_priv.124
                0x08003310        0x4 C:\Users\johnb\AppData\Local\Temp\cc9b1gbG.ltrans3.ltrans.o
                0x08003310                tmo.lto_priv.124
 *fill*         0x08003314        0xc 
 .text.test_012_008_execute.lto_priv.253
                0x08003320       0xe4 C:\Users\johnb\AppData\Local\Temp\cc9b1gbG.ltrans3.ltrans.o
                0x08003320                test_012_008_execute.lto_priv.253
 *fill*         0x08003404        0xc 
 .text.bmk_thread8
                0x08003410       0x2c C:\Users\johnb\AppData\Local\Temp\cc9b1gbG.ltrans3.ltrans.o
 *fill*         0x0800343c        0x4 
 .text.test_012_007_execute.lto_priv.252
                0x08003440      0x110 C:\Users\johnb\AppData\Local\Temp\cc9b1gbG.ltrans3.ltrans.o
                0x08003440                test_012_007_execute.lto_priv.252
 .text.bmk_thread7
                0x08003550       0x2c C:\Users\johnb\AppData\Local\Temp\cc9b1gbG.ltrans3.ltrans.o
 *fill*         0x0800357c        0x4 
 .text.test_012_007_setup.lto_priv.251
                0x08003580       0x10 C:\Users\johnb\AppData\Local\Temp\cc9b1gbG.ltrans3.ltrans.o
                0x08003580                test_012_007_setup.lto_priv.251
 .text.test_011_002_setup.lto_priv.243
                0x08003590       0x14 C:\Users\johnb\AppData\Local\Temp\cc9b1gbG.ltrans3.ltrans.o
                0x08003590                test_011_002_setup.lto_priv.243
 *fill*         0x080035a4        0xc 
 .text.test_012_006_execute.lto_priv.250
                0x080035b0       0x7c C:\Users\johnb\AppData\Local\Temp\cc9b1gbG.ltrans3.ltrans.o
                0x080035b0                test_012_006_execute.lto_priv.250
 *fill*         0x0800362c        0x4 
 .text.test_012_005_execute.lto_priv.249
                0x08003630       0x7c C:\Users\johnb\AppData\Local\Temp\cc9b1gbG.ltrans3.ltrans.o
                0x08003630                test_012_005_execute.lto_priv.249
 *fill*         0x080036ac        0x4 
 .text.test_011_001_setup.lto_priv.241
                0x080036b0       0x2c C:\Users\johnb\AppData\Local\Temp\cc9b1gbG.ltrans3.ltrans.o
                0x080036b0                test_011_001_setup.lto_priv.241
 *fill*         0x080036dc        0x4 
 .text.bmk_thread1
                0x080036e0       0x28 C:\Users\johnb\AppData\Local\Temp\cc9b1gbG.ltrans3.ltrans.o
 *fill*         0x08003708        0x8 
 .text.msg_loop_test
                0x08003710       0x3c C:\Users\johnb\AppData\Local\Temp\cc9b1gbG.ltrans3.ltrans.o
 *fill*         0x0800374c        0x4 
 .text.test_012_003_execute.lto_priv.247
                0x08003750       0xdc C:\Users\johnb\AppData\Local\Temp\cc9b1gbG.ltrans3.ltrans.o
                0x08003750                test_012_003_execute.lto_priv.247
 *fill*         0x0800382c        0x4 
 .text.test_012_002_execute.lto_priv.246
                0x08003830       0x74 C:\Users\johnb\AppData\Local\Temp\cc9b1gbG.ltrans3.ltrans.o
                0x08003830                test_012_002_execute.lto_priv.246
 *fill*         0x080038a4        0xc 
 .text.test_012_001_execute.lto_priv.245
                0x080038b0       0x74 C:\Users\johnb\AppData\Local\Temp\cc9b1gbG.ltrans3.ltrans.o
                0x080038b0                test_012_001_execute.lto_priv.245
 *fill*         0x08003924        0xc 
 .text.dyn_thread1
                0x08003930        0x4 C:\Users\johnb\AppData\Local\Temp\cc9b1gbG.ltrans3.ltrans.o
                0x08003930                dyn_thread1.lto_priv.91
 *fill*         0x08003934        0xc 
 .text.test_011_001_execute.lto_priv.242
                0x08003940      0x170 C:\Users\johnb\AppData\Local\Temp\cc9b1gbG.ltrans3.ltrans.o
                0x08003940                test_011_001_execute.lto_priv.242
 .text.test_010_002_execute.lto_priv.240
                0x08003ab0       0x64 C:\Users\johnb\AppData\Local\Temp\cc9b1gbG.ltrans3.ltrans.o
                0x08003ab0                test_010_002_execute.lto_priv.240
 *fill*         0x08003b14        0xc 
 .text.test_010_001_execute.lto_priv.239
                0x08003b20      0x330 C:\Users\johnb\AppData\Local\Temp\cc9b1gbG.ltrans3.ltrans.o
                0x08003b20                test_010_001_execute.lto_priv.239
 .text.bmk_thread3
                0x08003e50        0x4 C:\Users\johnb\AppData\Local\Temp\cc9b1gbG.ltrans3.ltrans.o
 *fill*         0x08003e54        0xc 
 .text.test_012_004_execute.lto_priv.248
                0x08003e60      0x10c C:\Users\johnb\AppData\Local\Temp\cc9b1gbG.ltrans3.ltrans.o
                0x08003e60                test_012_004_execute.lto_priv.248
 *fill*         0x08003f6c        0x4 
 .text.bmk_thread4
                0x08003f70       0x48 C:\Users\johnb\AppData\Local\Temp\cc9b1gbG.ltrans3.ltrans.o
 *fill*         0x08003fb8        0x8 
 .text.test_011_002_execute.lto_priv.244
                0x08003fc0      0x184 C:\Users\johnb\AppData\Local\Temp\cc9b1gbG.ltrans3.ltrans.o
                0x08003fc0                test_011_002_execute.lto_priv.244
 *fill*         0x08004144        0xc 
 .text.sduInterruptTransmitted
                0x08004150        0x4 C:\Users\johnb\AppData\Local\Temp\cc9b1gbG.ltrans4.ltrans.o
                0x08004150                sduInterruptTransmitted
 *fill*         0x08004154        0xc 
 .text.sduRequestsHook
                0x08004160       0x40 C:\Users\johnb\AppData\Local\Temp\cc9b1gbG.ltrans4.ltrans.o
                0x08004160                sduRequestsHook
 .text.SVC_Handler
                0x080041a0       0x1c C:\Users\johnb\AppData\Local\Temp\cc9b1gbG.ltrans4.ltrans.o
                0x080041a0                SVC_Handler
 *fill*         0x080041bc        0x4 
 .text.obqPostFullBufferS
                0x080041c0       0x50 C:\Users\johnb\AppData\Local\Temp\cc9b1gbG.ltrans4.ltrans.o
 .text.ibqReleaseEmptyBufferS
                0x08004210       0x40 C:\Users\johnb\AppData\Local\Temp\cc9b1gbG.ltrans4.ltrans.o
 .text.obqGetEmptyBufferTimeoutS
                0x08004250       0x48 C:\Users\johnb\AppData\Local\Temp\cc9b1gbG.ltrans4.ltrans.o
 *fill*         0x08004298        0x8 
 .text.ibqGetFullBufferTimeoutS
                0x080042a0       0x48 C:\Users\johnb\AppData\Local\Temp\cc9b1gbG.ltrans4.ltrans.o
 *fill*         0x080042e8        0x8 
 .text.usbInitEndpointI
                0x080042f0      0x1b0 C:\Users\johnb\AppData\Local\Temp\cc9b1gbG.ltrans4.ltrans.o
                0x080042f0                usbInitEndpointI
 .text.sdu_start_receive.lto_priv.125
                0x080044a0       0x50 C:\Users\johnb\AppData\Local\Temp\cc9b1gbG.ltrans4.ltrans.o
                0x080044a0                sdu_start_receive.lto_priv.125
 .text.sduDataReceived
                0x080044f0       0x8c C:\Users\johnb\AppData\Local\Temp\cc9b1gbG.ltrans4.ltrans.o
                0x080044f0                sduDataReceived
 *fill*         0x0800457c        0x4 
 .text.ibnotify.lto_priv.101
                0x08004580        0x8 C:\Users\johnb\AppData\Local\Temp\cc9b1gbG.ltrans4.ltrans.o
                0x08004580                ibnotify.lto_priv.101
 *fill*         0x08004588        0x8 
 .text.obqGetFullBufferI
                0x08004590       0x24 C:\Users\johnb\AppData\Local\Temp\cc9b1gbG.ltrans4.ltrans.o
                0x08004590                obqGetFullBufferI
 *fill*         0x080045b4        0xc 
 .text.sduDataTransmitted
                0x080045c0       0xbc C:\Users\johnb\AppData\Local\Temp\cc9b1gbG.ltrans4.ltrans.o
                0x080045c0                sduDataTransmitted
 *fill*         0x0800467c        0x4 
 .text.obnotify.lto_priv.102
                0x08004680       0x48 C:\Users\johnb\AppData\Local\Temp\cc9b1gbG.ltrans4.ltrans.o
                0x08004680                obnotify.lto_priv.102
 *fill*         0x080046c8        0x8 
 .text.stSetAlarm
                0x080046d0       0x1c C:\Users\johnb\AppData\Local\Temp\cc9b1gbG.ltrans4.ltrans.o
                0x080046d0                stSetAlarm
 *fill*         0x080046ec        0x4 
 .text._port_irq_epilogue
                0x080046f0       0x5c C:\Users\johnb\AppData\Local\Temp\cc9b1gbG.ltrans4.ltrans.o
                0x080046f0                _port_irq_epilogue
 *fill*         0x0800474c        0x4 
 .text.chPoolFreeI
                0x08004750       0x20 C:\Users\johnb\AppData\Local\Temp\cc9b1gbG.ltrans4.ltrans.o
                0x08004750                chPoolFreeI
 .text.chPoolAllocI
                0x08004770       0x30 C:\Users\johnb\AppData\Local\Temp\cc9b1gbG.ltrans4.ltrans.o
                0x08004770                chPoolAllocI
 .text.chHeapStatus
                0x080047a0       0x68 C:\Users\johnb\AppData\Local\Temp\cc9b1gbG.ltrans4.ltrans.o
                0x080047a0                chHeapStatus
 *fill*         0x08004808        0x8 
 .text.chHeapFree
                0x08004810       0xc0 C:\Users\johnb\AppData\Local\Temp\cc9b1gbG.ltrans4.ltrans.o
                0x08004810                chHeapFree
 .text.obqWriteTimeout
                0x080048d0      0x140 C:\Users\johnb\AppData\Local\Temp\cc9b1gbG.ltrans4.ltrans.o
 .text._writet.lto_priv.113
                0x08004a10        0x8 C:\Users\johnb\AppData\Local\Temp\cc9b1gbG.ltrans4.ltrans.o
                0x08004a10                _writet.lto_priv.113
 *fill*         0x08004a18        0x8 
 .text._write.lto_priv.107
                0x08004a20        0xc C:\Users\johnb\AppData\Local\Temp\cc9b1gbG.ltrans4.ltrans.o
                0x08004a20                _write.lto_priv.107
 *fill*         0x08004a2c        0x4 
 .text.obqPutTimeout
                0x08004a30       0x90 C:\Users\johnb\AppData\Local\Temp\cc9b1gbG.ltrans4.ltrans.o
 .text._putt.lto_priv.111
                0x08004ac0        0x8 C:\Users\johnb\AppData\Local\Temp\cc9b1gbG.ltrans4.ltrans.o
                0x08004ac0                _putt.lto_priv.111
 *fill*         0x08004ac8        0x8 
 .text._put.lto_priv.109
                0x08004ad0        0xc C:\Users\johnb\AppData\Local\Temp\cc9b1gbG.ltrans4.ltrans.o
                0x08004ad0                _put.lto_priv.109
 *fill*         0x08004adc        0x4 
 .text.ibqReadTimeout
                0x08004ae0      0x140 C:\Users\johnb\AppData\Local\Temp\cc9b1gbG.ltrans4.ltrans.o
 .text._readt.lto_priv.114
                0x08004c20        0x8 C:\Users\johnb\AppData\Local\Temp\cc9b1gbG.ltrans4.ltrans.o
                0x08004c20                _readt.lto_priv.114
 *fill*         0x08004c28        0x8 
 .text._read.lto_priv.108
                0x08004c30        0xc C:\Users\johnb\AppData\Local\Temp\cc9b1gbG.ltrans4.ltrans.o
                0x08004c30                _read.lto_priv.108
 *fill*         0x08004c3c        0x4 
 .text.ibqGetTimeout
                0x08004c40       0x84 C:\Users\johnb\AppData\Local\Temp\cc9b1gbG.ltrans4.ltrans.o
 *fill*         0x08004cc4        0xc 
 .text._gett.lto_priv.112
                0x08004cd0        0x8 C:\Users\johnb\AppData\Local\Temp\cc9b1gbG.ltrans4.ltrans.o
                0x08004cd0                _gett.lto_priv.112
 *fill*         0x08004cd8        0x8 
 .text._get.lto_priv.110
                0x08004ce0        0xc C:\Users\johnb\AppData\Local\Temp\cc9b1gbG.ltrans4.ltrans.o
                0x08004ce0                _get.lto_priv.110
 *fill*         0x08004cec        0x4 
 .text.chPoolAlloc
                0x08004cf0       0x44 C:\Users\johnb\AppData\Local\Temp\cc9b1gbG.ltrans4.ltrans.o
                0x08004cf0                chPoolAlloc
 *fill*         0x08004d34        0xc 
 .text.chCoreAllocAligned
                0x08004d40       0x80 C:\Users\johnb\AppData\Local\Temp\cc9b1gbG.ltrans4.ltrans.o
                0x08004d40                chCoreAllocAligned
 .text.test_007_003_setup
                0x08004dc0        0x4 C:\Users\johnb\AppData\Local\Temp\cc9b1gbG.ltrans5.ltrans.o
                0x08004dc0                test_007_003_setup.lto_priv.216
 *fill*         0x08004dc4        0xc 
 .text.test_007_002_setup
                0x08004dd0        0x4 C:\Users\johnb\AppData\Local\Temp\cc9b1gbG.ltrans5.ltrans.o
                0x08004dd0                test_007_002_setup.lto_priv.214
 *fill*         0x08004dd4        0xc 
 .text.test_005_009_setup.lto_priv.210
                0x08004de0       0x28 C:\Users\johnb\AppData\Local\Temp\cc9b1gbG.ltrans5.ltrans.o
                0x08004de0                test_005_009_setup.lto_priv.210
 *fill*         0x08004e08        0x8 
 .text.test_005_008_setup.lto_priv.208
                0x08004e10       0x1c C:\Users\johnb\AppData\Local\Temp\cc9b1gbG.ltrans5.ltrans.o
                0x08004e10                test_005_008_setup.lto_priv.208
 *fill*         0x08004e2c        0x4 
 .text.test_005_007_setup
                0x08004e30        0x4 C:\Users\johnb\AppData\Local\Temp\cc9b1gbG.ltrans5.ltrans.o
                0x08004e30                test_005_007_setup.lto_priv.206
 *fill*         0x08004e34        0xc 
 .text.test_005_005_setup.lto_priv.204
                0x08004e40       0x10 C:\Users\johnb\AppData\Local\Temp\cc9b1gbG.ltrans5.ltrans.o
                0x08004e40                test_005_005_setup.lto_priv.204
 .text.test_005_001_setup
                0x08004e50        0x4 C:\Users\johnb\AppData\Local\Temp\cc9b1gbG.ltrans5.ltrans.o
                0x08004e50                test_005_001_setup.lto_priv.199
 *fill*         0x08004e54        0xc 
 .text.test_005_004_setup.lto_priv.201
                0x08004e60       0x1c C:\Users\johnb\AppData\Local\Temp\cc9b1gbG.ltrans5.ltrans.o
                0x08004e60                test_005_004_setup.lto_priv.201
 *fill*         0x08004e7c        0x4 
 .text.test_007_002_execute.lto_priv.215
                0x08004e80       0x58 C:\Users\johnb\AppData\Local\Temp\cc9b1gbG.ltrans5.ltrans.o
                0x08004e80                test_007_002_execute.lto_priv.215
 *fill*         0x08004ed8        0x8 
 .text.h3       0x08004ee0        0x8 C:\Users\johnb\AppData\Local\Temp\cc9b1gbG.ltrans5.ltrans.o
 *fill*         0x08004ee8        0x8 
 .text.h2       0x08004ef0        0x8 C:\Users\johnb\AppData\Local\Temp\cc9b1gbG.ltrans5.ltrans.o
 *fill*         0x08004ef8        0x8 
 .text.h1       0x08004f00        0x8 C:\Users\johnb\AppData\Local\Temp\cc9b1gbG.ltrans5.ltrans.o
 *fill*         0x08004f08        0x8 
 .text.test_005_004_teardown
                0x08004f10        0x4 C:\Users\johnb\AppData\Local\Temp\cc9b1gbG.ltrans5.ltrans.o
                0x08004f10                test_005_004_teardown.lto_priv.202
 *fill*         0x08004f14        0xc 
 .text.test_006_001_execute.lto_priv.212
                0x08004f20       0x78 C:\Users\johnb\AppData\Local\Temp\cc9b1gbG.ltrans5.ltrans.o
                0x08004f20                test_006_001_execute.lto_priv.212
 *fill*         0x08004f98        0x8 
 .text.msg_thread1
                0x08004fa0       0x28 C:\Users\johnb\AppData\Local\Temp\cc9b1gbG.ltrans5.ltrans.o
 *fill*         0x08004fc8        0x8 
 .text.test_005_009_execute.lto_priv.211
                0x08004fd0       0xa4 C:\Users\johnb\AppData\Local\Temp\cc9b1gbG.ltrans5.ltrans.o
                0x08004fd0                test_005_009_execute.lto_priv.211
 *fill*         0x08005074        0xc 
 .text.thread9  0x08005080       0x20 C:\Users\johnb\AppData\Local\Temp\cc9b1gbG.ltrans5.ltrans.o
 .text.test_005_004_execute.lto_priv.203
                0x080050a0      0x138 C:\Users\johnb\AppData\Local\Temp\cc9b1gbG.ltrans5.ltrans.o
                0x080050a0                test_005_004_execute.lto_priv.203
 *fill*         0x080051d8        0x8 
 .text.test_005_001_execute.lto_priv.200
                0x080051e0       0xdc C:\Users\johnb\AppData\Local\Temp\cc9b1gbG.ltrans5.ltrans.o
                0x080051e0                test_005_001_execute.lto_priv.200
 *fill*         0x080052bc        0x4 
 .text.test_007_001_execute.lto_priv.213
                0x080052c0      0x184 C:\Users\johnb\AppData\Local\Temp\cc9b1gbG.ltrans5.ltrans.o
                0x080052c0                test_007_001_execute.lto_priv.213
 *fill*         0x08005444        0xc 
 .text.evt_thread7.lto_priv.138
                0x08005450       0x84 C:\Users\johnb\AppData\Local\Temp\cc9b1gbG.ltrans5.ltrans.o
                0x08005450                evt_thread7.lto_priv.138
 *fill*         0x080054d4        0xc 
 .text.evt_thread3.lto_priv.139
                0x080054e0       0x5c C:\Users\johnb\AppData\Local\Temp\cc9b1gbG.ltrans5.ltrans.o
                0x080054e0                evt_thread3.lto_priv.139
 *fill*         0x0800553c        0x4 
 .text.test_005_008_execute.lto_priv.209
                0x08005540      0x10c C:\Users\johnb\AppData\Local\Temp\cc9b1gbG.ltrans5.ltrans.o
                0x08005540                test_005_008_execute.lto_priv.209
 *fill*         0x0800564c        0x4 
 .text.test_005_007_execute.lto_priv.207
                0x08005650       0xf4 C:\Users\johnb\AppData\Local\Temp\cc9b1gbG.ltrans5.ltrans.o
                0x08005650                test_005_007_execute.lto_priv.207
 *fill*         0x08005744        0xc 
 .text.test_005_005_execute.lto_priv.205
                0x08005750      0x198 C:\Users\johnb\AppData\Local\Temp\cc9b1gbG.ltrans5.ltrans.o
                0x08005750                test_005_005_execute.lto_priv.205
 *fill*         0x080058e8        0x8 
 .text.thread8  0x080058f0       0xb8 C:\Users\johnb\AppData\Local\Temp\cc9b1gbG.ltrans5.ltrans.o
 *fill*         0x080059a8        0x8 
 .text.get_descriptor.lto_priv.105
                0x080059b0       0x30 C:\Users\johnb\AppData\Local\Temp\cc9b1gbG.ltrans6.ltrans.o
                0x080059b0                get_descriptor.lto_priv.105
 .text.sof_handler.lto_priv.106
                0x080059e0       0xa4 C:\Users\johnb\AppData\Local\Temp\cc9b1gbG.ltrans6.ltrans.o
                0x080059e0                sof_handler.lto_priv.106
 *fill*         0x08005a84        0xc 
 .text.usb_event.lto_priv.104
                0x08005a90       0xf4 C:\Users\johnb\AppData\Local\Temp\cc9b1gbG.ltrans6.ltrans.o
                0x08005a90                usb_event.lto_priv.104
 *fill*         0x08005b84        0xc 
 .text.parse_arguments
                0x08005b90       0x54 C:\Users\johnb\AppData\Local\Temp\cc9b1gbG.ltrans6.ltrans.o
 *fill*         0x08005be4        0xc 
 .text.test_012_012_execute.lto_priv.259
                0x08005bf0      0x100 C:\Users\johnb\AppData\Local\Temp\cc9b1gbG.ltrans6.ltrans.o
                0x08005bf0                test_012_012_execute.lto_priv.259
 .text.test_012_011_execute.lto_priv.258
                0x08005cf0       0x8c C:\Users\johnb\AppData\Local\Temp\cc9b1gbG.ltrans6.ltrans.o
                0x08005cf0                test_012_011_execute.lto_priv.258
 *fill*         0x08005d7c        0x4 
 .text.test_012_011_setup.lto_priv.257
                0x08005d80       0x10 C:\Users\johnb\AppData\Local\Temp\cc9b1gbG.ltrans6.ltrans.o
                0x08005d80                test_012_011_setup.lto_priv.257
 .text.test_012_010_setup.lto_priv.255
                0x08005d90       0x10 C:\Users\johnb\AppData\Local\Temp\cc9b1gbG.ltrans6.ltrans.o
                0x08005d90                test_012_010_setup.lto_priv.255
 .text.test_012_010_execute.lto_priv.256
                0x08005da0       0x8c C:\Users\johnb\AppData\Local\Temp\cc9b1gbG.ltrans6.ltrans.o
                0x08005da0                test_012_010_execute.lto_priv.256
 *fill*         0x08005e2c        0x4 
 .text.chprintf
                0x08005e30      0x3b8 C:\Users\johnb\AppData\Local\Temp\cc9b1gbG.ltrans6.ltrans.o
                0x08005e30                chprintf
 *fill*         0x080061e8        0x8 
 .text.cmd_test
                0x080061f0       0x58 C:\Users\johnb\AppData\Local\Temp\cc9b1gbG.ltrans6.ltrans.o
 *fill*         0x08006248        0x8 
 .text.cmd_mem  0x08006250       0x78 C:\Users\johnb\AppData\Local\Temp\cc9b1gbG.ltrans6.ltrans.o
 *fill*         0x080062c8        0x8 
 .text.cmd_echo
                0x080062d0       0x20 C:\Users\johnb\AppData\Local\Temp\cc9b1gbG.ltrans6.ltrans.o
 .text.cmd_info
                0x080062f0       0xbc C:\Users\johnb\AppData\Local\Temp\cc9b1gbG.ltrans6.ltrans.o
 *fill*         0x080063ac        0x4 
 .text.shellThread
                0x080063b0      0x224 C:\Users\johnb\AppData\Local\Temp\cc9b1gbG.ltrans6.ltrans.o
                0x080063b0                shellThread
 *fill*         0x080065d4        0xc 
 .text.cmd_exit
                0x080065e0       0x38 C:\Users\johnb\AppData\Local\Temp\cc9b1gbG.ltrans6.ltrans.o
 *fill*         0x08006618        0x8 
 .text.cmd_threads
                0x08006620       0xc0 C:\Users\johnb\AppData\Local\Temp\cc9b1gbG.ltrans6.ltrans.o
 .text.cmd_systime
                0x080066e0       0x64 C:\Users\johnb\AppData\Local\Temp\cc9b1gbG.ltrans6.ltrans.o
 *fill*         0x08006744        0xc 
 .text.test_012_009_execute.lto_priv.254
                0x08006750       0xc4 C:\Users\johnb\AppData\Local\Temp\cc9b1gbG.ltrans6.ltrans.o
                0x08006750                test_012_009_execute.lto_priv.254
 *fill*         0x08006814        0xc 
 .text.otg_epout_handler
                0x08006820       0xb0 C:\Users\johnb\AppData\Local\Temp\cc9b1gbG.ltrans7.ltrans.o
 .text.otg_epin_handler
                0x080068d0       0xc4 C:\Users\johnb\AppData\Local\Temp\cc9b1gbG.ltrans7.ltrans.o
 *fill*         0x08006994        0xc 
 .text.usb_lld_serve_interrupt.lto_priv.260
                0x080069a0      0x3d4 C:\Users\johnb\AppData\Local\Temp\cc9b1gbG.ltrans7.ltrans.o
                0x080069a0                usb_lld_serve_interrupt.lto_priv.260
 *fill*         0x08006d74        0xc 
 .text.usbStartTransmitI
                0x08006d80       0x50 C:\Users\johnb\AppData\Local\Temp\cc9b1gbG.ltrans7.ltrans.o
                0x08006d80                usbStartTransmitI
 .text._usb_ep0out
                0x08006dd0       0x90 C:\Users\johnb\AppData\Local\Temp\cc9b1gbG.ltrans7.ltrans.o
 .text.usbStartReceiveI
                0x08006e60       0x50 C:\Users\johnb\AppData\Local\Temp\cc9b1gbG.ltrans7.ltrans.o
                0x08006e60                usbStartReceiveI
 .text._usb_ep0in
                0x08006eb0       0xcc C:\Users\johnb\AppData\Local\Temp\cc9b1gbG.ltrans7.ltrans.o
 *fill*         0x08006f7c        0x4 
 .text._usb_ep0setup
                0x08006f80      0x3b8 C:\Users\johnb\AppData\Local\Temp\cc9b1gbG.ltrans7.ltrans.o
 *fill*         0x08007338        0x8 
 .text.test_008_002_teardown
                0x08007340        0x4 C:\Users\johnb\AppData\Local\Temp\cc9b1gbG.ltrans8.ltrans.o
                0x08007340                test_008_002_teardown.lto_priv.229
 *fill*         0x08007344        0xc 
 .text.test_008_001_teardown
                0x08007350        0x4 C:\Users\johnb\AppData\Local\Temp\cc9b1gbG.ltrans8.ltrans.o
                0x08007350                test_008_001_teardown.lto_priv.226
 *fill*         0x08007354        0xc 
 .text.test_008_002_setup
                0x08007360        0x4 C:\Users\johnb\AppData\Local\Temp\cc9b1gbG.ltrans8.ltrans.o
                0x08007360                test_008_002_setup.lto_priv.228
 *fill*         0x08007364        0xc 
 .text.test_008_001_setup
                0x08007370        0x4 C:\Users\johnb\AppData\Local\Temp\cc9b1gbG.ltrans8.ltrans.o
                0x08007370                test_008_001_setup.lto_priv.225
 *fill*         0x08007374        0xc 
 .text.test_007_007_setup.lto_priv.223
                0x08007380       0x18 C:\Users\johnb\AppData\Local\Temp\cc9b1gbG.ltrans8.ltrans.o
                0x08007380                test_007_007_setup.lto_priv.223
 *fill*         0x08007398        0x8 
 .text.test_007_006_setup.lto_priv.156
                0x080073a0        0x4 C:\Users\johnb\AppData\Local\Temp\cc9b1gbG.ltrans8.ltrans.o
                0x080073a0                test_007_006_setup.lto_priv.156
 *fill*         0x080073a4        0xc 
 .text.test_007_005_setup
                0x080073b0        0x4 C:\Users\johnb\AppData\Local\Temp\cc9b1gbG.ltrans8.ltrans.o
                0x080073b0                test_007_005_setup.lto_priv.220
 *fill*         0x080073b4        0xc 
 .text.test_007_004_setup
                0x080073c0        0x4 C:\Users\johnb\AppData\Local\Temp\cc9b1gbG.ltrans8.ltrans.o
                0x080073c0                test_007_004_setup.lto_priv.218
 *fill*         0x080073c4        0xc 
 .text.test_007_005_execute.lto_priv.221
                0x080073d0       0xd0 C:\Users\johnb\AppData\Local\Temp\cc9b1gbG.ltrans8.ltrans.o
                0x080073d0                test_007_005_execute.lto_priv.221
 .text.test_007_004_execute.lto_priv.219
                0x080074a0       0xc8 C:\Users\johnb\AppData\Local\Temp\cc9b1gbG.ltrans8.ltrans.o
                0x080074a0                test_007_004_execute.lto_priv.219
 *fill*         0x08007568        0x8 
 .text.test_007_003_execute.lto_priv.217
                0x08007570       0xf8 C:\Users\johnb\AppData\Local\Temp\cc9b1gbG.ltrans8.ltrans.o
                0x08007570                test_007_003_execute.lto_priv.217
 *fill*         0x08007668        0x8 
 .text.chSysUnlock.lto_priv.135
                0x08007670       0x30 C:\Users\johnb\AppData\Local\Temp\cc9b1gbG.ltrans8.ltrans.o
                0x08007670                chSysUnlock.lto_priv.135
 .text.test_008_001_execute.lto_priv.227
                0x080076a0      0x420 C:\Users\johnb\AppData\Local\Temp\cc9b1gbG.ltrans8.ltrans.o
                0x080076a0                test_008_001_execute.lto_priv.227
 .text.test_007_007_execute.lto_priv.224
                0x08007ac0      0x164 C:\Users\johnb\AppData\Local\Temp\cc9b1gbG.ltrans8.ltrans.o
                0x08007ac0                test_007_007_execute.lto_priv.224
 *fill*         0x08007c24        0xc 
 .text.test_007_006_execute.lto_priv.222
                0x08007c30      0x1c0 C:\Users\johnb\AppData\Local\Temp\cc9b1gbG.ltrans8.ltrans.o
                0x08007c30                test_007_006_execute.lto_priv.222
 .text.null_provider
                0x08007df0        0x4 C:\Users\johnb\AppData\Local\Temp\cc9b1gbG.ltrans9.ltrans.o
 *fill*         0x08007df4        0xc 
 .text.test_010_001_setup.lto_priv.238
                0x08007e00       0x2c C:\Users\johnb\AppData\Local\Temp\cc9b1gbG.ltrans9.ltrans.o
                0x08007e00                test_010_001_setup.lto_priv.238
 *fill*         0x08007e2c        0x4 
 .text.test_009_003_execute.lto_priv.237
                0x08007e30       0x28 C:\Users\johnb\AppData\Local\Temp\cc9b1gbG.ltrans9.ltrans.o
                0x08007e30                test_009_003_execute.lto_priv.237
 *fill*         0x08007e58        0x8 
 .text.test_009_003_setup.lto_priv.236
                0x08007e60       0x18 C:\Users\johnb\AppData\Local\Temp\cc9b1gbG.ltrans9.ltrans.o
                0x08007e60                test_009_003_setup.lto_priv.236
 *fill*         0x08007e78        0x8 
 .text.test_009_002_setup
                0x08007e80        0x4 C:\Users\johnb\AppData\Local\Temp\cc9b1gbG.ltrans9.ltrans.o
                0x08007e80                test_009_002_setup.lto_priv.234
 *fill*         0x08007e84        0xc 
 .text.test_009_001_setup.lto_priv.232
                0x08007e90       0x14 C:\Users\johnb\AppData\Local\Temp\cc9b1gbG.ltrans9.ltrans.o
                0x08007e90                test_009_001_setup.lto_priv.232
 *fill*         0x08007ea4        0xc 
 .text.test_008_003_setup.lto_priv.141
                0x08007eb0       0x34 C:\Users\johnb\AppData\Local\Temp\cc9b1gbG.ltrans9.ltrans.o
                0x08007eb0                test_008_003_setup.lto_priv.141
 *fill*         0x08007ee4        0xc 
 .text.test_008_003_teardown.lto_priv.140
                0x08007ef0        0x4 C:\Users\johnb\AppData\Local\Temp\cc9b1gbG.ltrans9.ltrans.o
                0x08007ef0                test_008_003_teardown.lto_priv.140
 *fill*         0x08007ef4        0xc 
 .text.test_009_002_execute.lto_priv.235
                0x08007f00      0x14c C:\Users\johnb\AppData\Local\Temp\cc9b1gbG.ltrans9.ltrans.o
                0x08007f00                test_009_002_execute.lto_priv.235
 *fill*         0x0800804c        0x4 
 .text.test_009_001_execute.lto_priv.233
                0x08008050      0x168 C:\Users\johnb\AppData\Local\Temp\cc9b1gbG.ltrans9.ltrans.o
                0x08008050                test_009_001_execute.lto_priv.233
 *fill*         0x080081b8        0x8 
 .text.test_008_003_execute.lto_priv.231
                0x080081c0      0x174 C:\Users\johnb\AppData\Local\Temp\cc9b1gbG.ltrans9.ltrans.o
                0x080081c0                test_008_003_execute.lto_priv.231
 *fill*         0x08008334        0xc 
 .text.test_008_002_execute.lto_priv.230
                0x08008340      0x4a0 C:\Users\johnb\AppData\Local\Temp\cc9b1gbG.ltrans9.ltrans.o
                0x08008340                test_008_002_execute.lto_priv.230
 .text.test_003_001_setup.lto_priv.184
                0x080087e0        0xc C:\Users\johnb\AppData\Local\Temp\cc9b1gbG.ltrans10.ltrans.o
                0x080087e0                test_003_001_setup.lto_priv.184
 *fill*         0x080087ec        0x4 
 .text.test_001_004_execute.lto_priv.179
                0x080087f0       0x18 C:\Users\johnb\AppData\Local\Temp\cc9b1gbG.ltrans10.ltrans.o
                0x080087f0                test_001_004_execute.lto_priv.179
 *fill*         0x08008808        0x8 
 .text.thread3.lto_priv.158
                0x08008810       0x18 C:\Users\johnb\AppData\Local\Temp\cc9b1gbG.ltrans10.ltrans.o
                0x08008810                thread3.lto_priv.158
 *fill*         0x08008828        0x8 
 .text.thread1.lto_priv.160
                0x08008830       0x18 C:\Users\johnb\AppData\Local\Temp\cc9b1gbG.ltrans10.ltrans.o
                0x08008830                thread1.lto_priv.160
 *fill*         0x08008848        0x8 
 .text.thread.lto_priv.130
                0x08008850        0x8 C:\Users\johnb\AppData\Local\Temp\cc9b1gbG.ltrans10.ltrans.o
                0x08008850                thread.lto_priv.130
 *fill*         0x08008858        0x8 
 .text.test_002_003_execute.lto_priv.182
                0x08008860       0x88 C:\Users\johnb\AppData\Local\Temp\cc9b1gbG.ltrans10.ltrans.o
                0x08008860                test_002_003_execute.lto_priv.182
 *fill*         0x080088e8        0x8 
 .text.test_001_003_execute.lto_priv.178
                0x080088f0       0x48 C:\Users\johnb\AppData\Local\Temp\cc9b1gbG.ltrans10.ltrans.o
                0x080088f0                test_001_003_execute.lto_priv.178
 *fill*         0x08008938        0x8 
 .text.vtcb     0x08008940       0x38 C:\Users\johnb\AppData\Local\Temp\cc9b1gbG.ltrans10.ltrans.o
 *fill*         0x08008978        0x8 
 .text.test_wait_threads
                0x08008980       0x20 C:\Users\johnb\AppData\Local\Temp\cc9b1gbG.ltrans10.ltrans.o
                0x08008980                test_wait_threads
 .text.test_002_002_execute.lto_priv.181
                0x080089a0      0x194 C:\Users\johnb\AppData\Local\Temp\cc9b1gbG.ltrans10.ltrans.o
                0x080089a0                test_002_002_execute.lto_priv.181
 *fill*         0x08008b34        0xc 
 .text.thread2.lto_priv.161
                0x08008b40       0x50 C:\Users\johnb\AppData\Local\Temp\cc9b1gbG.ltrans10.ltrans.o
                0x08008b40                thread2.lto_priv.161
 .text.test_003_001_execute.lto_priv.185
                0x08008b90      0x134 C:\Users\johnb\AppData\Local\Temp\cc9b1gbG.ltrans10.ltrans.o
                0x08008b90                test_003_001_execute.lto_priv.185
 *fill*         0x08008cc4        0xc 
 .text.thread1  0x08008cd0       0x50 C:\Users\johnb\AppData\Local\Temp\cc9b1gbG.ltrans10.ltrans.o
 .text.test_002_004_execute.lto_priv.183
                0x08008d20      0x100 C:\Users\johnb\AppData\Local\Temp\cc9b1gbG.ltrans10.ltrans.o
                0x08008d20                test_002_004_execute.lto_priv.183
 .text.test_002_001_execute.lto_priv.180
                0x08008e20       0xe0 C:\Users\johnb\AppData\Local\Temp\cc9b1gbG.ltrans10.ltrans.o
                0x08008e20                test_002_001_execute.lto_priv.180
 .text.test_001_002_execute.lto_priv.177
                0x08008f00      0x198 C:\Users\johnb\AppData\Local\Temp\cc9b1gbG.ltrans10.ltrans.o
                0x08008f00                test_001_002_execute.lto_priv.177
 *fill*         0x08009098        0x8 
 .text.test_001_001_execute.lto_priv.176
                0x080090a0      0x128 C:\Users\johnb\AppData\Local\Temp\cc9b1gbG.ltrans10.ltrans.o
                0x080090a0                test_001_001_execute.lto_priv.176
 *fill*         0x080091c8        0x8 
 .text.test_wait_tick
                0x080091d0       0x48 C:\Users\johnb\AppData\Local\Temp\cc9b1gbG.ltrans10.ltrans.o
                0x080091d0                test_wait_tick
 *fill*         0x08009218        0x8 
 .text.test_terminate_threads
                0x08009220       0x60 C:\Users\johnb\AppData\Local\Temp\cc9b1gbG.ltrans10.ltrans.o
                0x08009220                test_terminate_threads
 .text.print_line
                0x08009280       0x2c C:\Users\johnb\AppData\Local\Temp\cc9b1gbG.ltrans11.ltrans.o
 *fill*         0x080092ac        0x4 
 .text.VectorB0
                0x080092b0       0xd4 C:\Users\johnb\AppData\Local\Temp\cc9b1gbG.ltrans11.ltrans.o
 *fill*         0x08009384        0xc 
 .text.Vector174
                0x08009390       0x30 C:\Users\johnb\AppData\Local\Temp\cc9b1gbG.ltrans11.ltrans.o
 .text.Vector14C
                0x080093c0       0x30 C:\Users\johnb\AppData\Local\Temp\cc9b1gbG.ltrans11.ltrans.o
 .text.test_println
                0x080093f0       0x38 C:\Users\johnb\AppData\Local\Temp\cc9b1gbG.ltrans11.ltrans.o
                0x080093f0                test_println
 *fill*         0x08009428        0x8 
 .text.test_print
                0x08009430       0x24 C:\Users\johnb\AppData\Local\Temp\cc9b1gbG.ltrans11.ltrans.o
                0x08009430                test_print
 *fill*         0x08009454        0xc 
 .text.test_printn
                0x08009460       0x60 C:\Users\johnb\AppData\Local\Temp\cc9b1gbG.ltrans11.ltrans.o
                0x08009460                test_printn
 .text.test_execute
                0x080094c0      0x29c C:\Users\johnb\AppData\Local\Temp\cc9b1gbG.ltrans11.ltrans.o
                0x080094c0                test_execute
 *fill*         0x0800975c        0x4 
 .text._test_assert_sequence
                0x08009760       0x4c C:\Users\johnb\AppData\Local\Temp\cc9b1gbG.ltrans11.ltrans.o
                0x08009760                _test_assert_sequence
 *fill*         0x080097ac        0x4 
 .text._test_assert
                0x080097b0       0x28 C:\Users\johnb\AppData\Local\Temp\cc9b1gbG.ltrans11.ltrans.o
                0x080097b0                _test_assert
 *fill*         0x080097d8        0x8 
 .text.__early_init
                0x080097e0       0xf0 C:\Users\johnb\AppData\Local\Temp\cc9b1gbG.ltrans11.ltrans.o
                0x080097e0                __early_init
 .text.usb_lld_start_in
                0x080098d0       0xa8 C:\Users\johnb\AppData\Local\Temp\cc9b1gbG.ltrans11.ltrans.o
                0x080098d0                usb_lld_start_in
 *fill*         0x08009978        0x8 
 .text.usb_lld_start_out
                0x08009980       0x80 C:\Users\johnb\AppData\Local\Temp\cc9b1gbG.ltrans11.ltrans.o
                0x08009980                usb_lld_start_out
 .text.test_emit_token
                0x08009a00       0x54 C:\Users\johnb\AppData\Local\Temp\cc9b1gbG.ltrans11.ltrans.o
                0x08009a00                test_emit_token
 *fill*         0x08009a54        0xc 
 .text.usb_lld_pump
                0x08009a60      0x280 C:\Users\johnb\AppData\Local\Temp\cc9b1gbG.ltrans11.ltrans.o
                0x08009a60                usb_lld_pump
 .text._trace_switch.constprop.78
                0x08009ce0       0x34 C:\Users\johnb\AppData\Local\Temp\cc9b1gbG.ltrans12.ltrans.o
                0x08009ce0                _trace_switch.constprop.78
 *fill*         0x08009d14        0xc 
 .text.chTMStartMeasurementX.constprop.75
                0x08009d20        0xc C:\Users\johnb\AppData\Local\Temp\cc9b1gbG.ltrans12.ltrans.o
                0x08009d20                chTMStartMeasurementX.constprop.75
 *fill*         0x08009d2c        0x4 
 .text.chThdResumeI.constprop.70
                0x08009d30       0x2c C:\Users\johnb\AppData\Local\Temp\cc9b1gbG.ltrans12.ltrans.o
                0x08009d30                chThdResumeI.constprop.70
 *fill*         0x08009d5c        0x4 
 .text.chThdDequeueNextI.constprop.69
                0x08009d60       0x30 C:\Users\johnb\AppData\Local\Temp\cc9b1gbG.ltrans12.ltrans.o
                0x08009d60                chThdDequeueNextI.constprop.69
 .text.chThdDequeueAllI.constprop.68
                0x08009d90       0x48 C:\Users\johnb\AppData\Local\Temp\cc9b1gbG.ltrans12.ltrans.o
                0x08009d90                chThdDequeueAllI.constprop.68
 *fill*         0x08009dd8        0x8 
 .text.chCondSignalI.constprop.59
                0x08009de0       0x28 C:\Users\johnb\AppData\Local\Temp\cc9b1gbG.ltrans12.ltrans.o
                0x08009de0                chCondSignalI.constprop.59
 *fill*         0x08009e08        0x8 
 .text.chHeapAllocAligned.constprop.41
                0x08009e10      0x108 C:\Users\johnb\AppData\Local\Temp\cc9b1gbG.ltrans12.ltrans.o
                0x08009e10                chHeapAllocAligned.constprop.41
 *fill*         0x08009f18        0x8 
 .text.chMBResetI.constprop.35
                0x08009f20       0x30 C:\Users\johnb\AppData\Local\Temp\cc9b1gbG.ltrans12.ltrans.o
                0x08009f20                chMBResetI.constprop.35
 .text.chThdCreateStatic.constprop.72
                0x08009f50      0x100 C:\Users\johnb\AppData\Local\Temp\cc9b1gbG.ltrans12.ltrans.o
                0x08009f50                chThdCreateStatic.constprop.72
 .text.chSemSignalWait.constprop.65
                0x0800a050       0xa0 C:\Users\johnb\AppData\Local\Temp\cc9b1gbG.ltrans12.ltrans.o
                0x0800a050                chSemSignalWait.constprop.65
 .text.chMtxTryLock.constprop.62
                0x0800a0f0       0x58 C:\Users\johnb\AppData\Local\Temp\cc9b1gbG.ltrans12.ltrans.o
                0x0800a0f0                chMtxTryLock.constprop.62
 *fill*         0x0800a148        0x8 
 .text.chCondSignal.constprop.60
                0x0800a150       0x50 C:\Users\johnb\AppData\Local\Temp\cc9b1gbG.ltrans12.ltrans.o
                0x0800a150                chCondSignal.constprop.60
 .text.chEvtGetAndClearEvents.constprop.51
                0x0800a1a0       0x44 C:\Users\johnb\AppData\Local\Temp\cc9b1gbG.ltrans12.ltrans.o
                0x0800a1a0                chEvtGetAndClearEvents.constprop.51
 *fill*         0x0800a1e4        0xc 
 .text.chEvtWaitOne.constprop.47
                0x0800a1f0       0x58 C:\Users\johnb\AppData\Local\Temp\cc9b1gbG.ltrans12.ltrans.o
                0x0800a1f0                chEvtWaitOne.constprop.47
 *fill*         0x0800a248        0x8 
 .text.chEvtWaitAny.constprop.46
                0x0800a250       0x54 C:\Users\johnb\AppData\Local\Temp\cc9b1gbG.ltrans12.ltrans.o
                0x0800a250                chEvtWaitAny.constprop.46
 *fill*         0x0800a2a4        0xc 
 .text.chEvtWaitAll.constprop.45
                0x0800a2b0       0x58 C:\Users\johnb\AppData\Local\Temp\cc9b1gbG.ltrans12.ltrans.o
                0x0800a2b0                chEvtWaitAll.constprop.45
 *fill*         0x0800a308        0x8 
 .text.chEvtWaitOneTimeout.constprop.44
                0x0800a310       0x80 C:\Users\johnb\AppData\Local\Temp\cc9b1gbG.ltrans12.ltrans.o
                0x0800a310                chEvtWaitOneTimeout.constprop.44
 .text.chThdCreateFromMemoryPool.constprop.40
                0x0800a390       0x94 C:\Users\johnb\AppData\Local\Temp\cc9b1gbG.ltrans12.ltrans.o
                0x0800a390                chThdCreateFromMemoryPool.constprop.40
 .text.strchr   0x0800a424       0xe8 c:/chibistudio/tools/gnu tools arm embedded/6.3 2017q1/bin/../lib/gcc/arm-none-eabi/6.3.1/../../../../arm-none-eabi/lib/thumb/v7e-m\libg.a(lib_a-strchr.o)
                0x0800a424                strchr
 .text.strpbrk  0x0800a50c       0x44 c:/chibistudio/tools/gnu tools arm embedded/6.3 2017q1/bin/../lib/gcc/arm-none-eabi/6.3.1/../../../../arm-none-eabi/lib/thumb/v7e-m\libg.a(lib_a-strpbrk.o)
                0x0800a50c                strpbrk
 .text.strspn   0x0800a550       0x34 c:/chibistudio/tools/gnu tools arm embedded/6.3 2017q1/bin/../lib/gcc/arm-none-eabi/6.3.1/../../../../arm-none-eabi/lib/thumb/v7e-m\libg.a(lib_a-strspn.o)
                0x0800a550                strspn
 *(.glue_7t)
 .glue_7t       0x0800a584        0x0 linker stubs
 *(.glue_7)
 .glue_7        0x0800a584        0x0 linker stubs
 *(.gcc*)

.vfp11_veneer   0x0800a584        0x0
 .vfp11_veneer  0x0800a584        0x0 linker stubs

.v4_bx          0x0800a584        0x0
 .v4_bx         0x0800a584        0x0 linker stubs

.iplt           0x0800a584        0x0
 .iplt          0x0800a584        0x0 build/obj/crt0_v7m.o

.rodata         0x0800a584     0x1fd8
                0x0800a584                . = ALIGN (0x4)
                0x0800a584                __rodata_base__ = .
 *(.rodata)
 *(.rodata.*)
 .rodata.__func__.5993.lto_priv.268
                0x0800a584        0xc C:\Users\johnb\AppData\Local\Temp\cc9b1gbG.ltrans0.ltrans.o
 .rodata.__func__.5993.lto_priv.269
                0x0800a590        0xc C:\Users\johnb\AppData\Local\Temp\cc9b1gbG.ltrans0.ltrans.o
 .rodata.__func__.6707
                0x0800a59c        0xa C:\Users\johnb\AppData\Local\Temp\cc9b1gbG.ltrans0.ltrans.o
 *fill*         0x0800a5a6        0x2 
 .rodata.__func__.6710
                0x0800a5a8        0xc C:\Users\johnb\AppData\Local\Temp\cc9b1gbG.ltrans0.ltrans.o
 .rodata.__func__.6713.lto_priv.272
                0x0800a5b4        0xb C:\Users\johnb\AppData\Local\Temp\cc9b1gbG.ltrans0.ltrans.o
 *fill*         0x0800a5bf        0x1 
 .rodata.__func__.6713.lto_priv.273
                0x0800a5c0        0xb C:\Users\johnb\AppData\Local\Temp\cc9b1gbG.ltrans0.ltrans.o
 *fill*         0x0800a5cb        0x1 
 .rodata.__func__.6714
                0x0800a5cc       0x10 C:\Users\johnb\AppData\Local\Temp\cc9b1gbG.ltrans0.ltrans.o
 .rodata.__func__.6716.lto_priv.264
                0x0800a5dc        0xc C:\Users\johnb\AppData\Local\Temp\cc9b1gbG.ltrans0.ltrans.o
 .rodata.__func__.6716.lto_priv.265
                0x0800a5e8        0xd C:\Users\johnb\AppData\Local\Temp\cc9b1gbG.ltrans0.ltrans.o
 *fill*         0x0800a5f5        0x3 
 .rodata.__func__.6717
                0x0800a5f8       0x11 C:\Users\johnb\AppData\Local\Temp\cc9b1gbG.ltrans0.ltrans.o
 *fill*         0x0800a609        0x3 
 .rodata.__func__.6719
                0x0800a60c       0x16 C:\Users\johnb\AppData\Local\Temp\cc9b1gbG.ltrans0.ltrans.o
 *fill*         0x0800a622        0x2 
 .rodata.__func__.6721
                0x0800a624        0xd C:\Users\johnb\AppData\Local\Temp\cc9b1gbG.ltrans0.ltrans.o
 *fill*         0x0800a631        0x3 
 .rodata.__func__.6727
                0x0800a634        0xb C:\Users\johnb\AppData\Local\Temp\cc9b1gbG.ltrans0.ltrans.o
 *fill*         0x0800a63f        0x1 
 .rodata.__func__.6730
                0x0800a640       0x15 C:\Users\johnb\AppData\Local\Temp\cc9b1gbG.ltrans0.ltrans.o
 *fill*         0x0800a655        0x3 
 .rodata.__func__.6736
                0x0800a658        0xc C:\Users\johnb\AppData\Local\Temp\cc9b1gbG.ltrans0.ltrans.o
 .rodata.__func__.6737
                0x0800a664       0x12 C:\Users\johnb\AppData\Local\Temp\cc9b1gbG.ltrans0.ltrans.o
 *fill*         0x0800a676        0x2 
 .rodata.__func__.6741
                0x0800a678        0xc C:\Users\johnb\AppData\Local\Temp\cc9b1gbG.ltrans0.ltrans.o
 .rodata.__func__.6745
                0x0800a684        0xd C:\Users\johnb\AppData\Local\Temp\cc9b1gbG.ltrans0.ltrans.o
 *fill*         0x0800a691        0x3 
 .rodata.__func__.6746
                0x0800a694        0xd C:\Users\johnb\AppData\Local\Temp\cc9b1gbG.ltrans0.ltrans.o
 *fill*         0x0800a6a1        0x3 
 .rodata.__func__.6747.lto_priv.270
                0x0800a6a4        0xd C:\Users\johnb\AppData\Local\Temp\cc9b1gbG.ltrans0.ltrans.o
 *fill*         0x0800a6b1        0x3 
 .rodata.__func__.6747.lto_priv.271
                0x0800a6b4        0xd C:\Users\johnb\AppData\Local\Temp\cc9b1gbG.ltrans0.ltrans.o
 *fill*         0x0800a6c1        0x3 
 .rodata.__func__.6753
                0x0800a6c4        0xd C:\Users\johnb\AppData\Local\Temp\cc9b1gbG.ltrans0.ltrans.o
 *fill*         0x0800a6d1        0x3 
 .rodata.__func__.6768
                0x0800a6d4        0xb C:\Users\johnb\AppData\Local\Temp\cc9b1gbG.ltrans0.ltrans.o
 *fill*         0x0800a6df        0x1 
 .rodata.__func__.6773
                0x0800a6e0        0xa C:\Users\johnb\AppData\Local\Temp\cc9b1gbG.ltrans0.ltrans.o
 *fill*         0x0800a6ea        0x2 
 .rodata.__func__.6778
                0x0800a6ec       0x11 C:\Users\johnb\AppData\Local\Temp\cc9b1gbG.ltrans0.ltrans.o
 *fill*         0x0800a6fd        0x3 
 .rodata.__func__.7089
                0x0800a700       0x10 C:\Users\johnb\AppData\Local\Temp\cc9b1gbG.ltrans0.ltrans.o
 .rodata.__func__.7597
                0x0800a710        0xd C:\Users\johnb\AppData\Local\Temp\cc9b1gbG.ltrans0.ltrans.o
 *fill*         0x0800a71d        0x3 
 .rodata._dbg_check_enable.str1.4
                0x0800a720        0x5 C:\Users\johnb\AppData\Local\Temp\cc9b1gbG.ltrans0.ltrans.o
 *fill*         0x0800a725        0x3 
 .rodata._dbg_check_enter_isr.str1.4
                0x0800a728        0x5 C:\Users\johnb\AppData\Local\Temp\cc9b1gbG.ltrans0.ltrans.o
 *fill*         0x0800a72d        0x3 
 .rodata._dbg_check_leave_isr.str1.4
                0x0800a730        0x5 C:\Users\johnb\AppData\Local\Temp\cc9b1gbG.ltrans0.ltrans.o
 *fill*         0x0800a735        0x3 
 .rodata._dbg_check_lock.str1.4
                0x0800a738        0x5 C:\Users\johnb\AppData\Local\Temp\cc9b1gbG.ltrans0.ltrans.o
 *fill*         0x0800a73d        0x3 
 .rodata._dbg_check_lock_from_isr.str1.4
                0x0800a740        0x5 C:\Users\johnb\AppData\Local\Temp\cc9b1gbG.ltrans0.ltrans.o
 *fill*         0x0800a745        0x3 
 .rodata._dbg_check_suspend.str1.4
                0x0800a748        0x5 C:\Users\johnb\AppData\Local\Temp\cc9b1gbG.ltrans0.ltrans.o
 *fill*         0x0800a74d        0x3 
 .rodata._dbg_check_unlock.str1.4
                0x0800a750        0x5 C:\Users\johnb\AppData\Local\Temp\cc9b1gbG.ltrans0.ltrans.o
 *fill*         0x0800a755        0x3 
 .rodata._dbg_check_unlock_from_isr.str1.4
                0x0800a758        0x5 C:\Users\johnb\AppData\Local\Temp\cc9b1gbG.ltrans0.ltrans.o
 *fill*         0x0800a75d        0x3 
 .rodata.chDbgCheckClassI.str1.4
                0x0800a760        0x6 C:\Users\johnb\AppData\Local\Temp\cc9b1gbG.ltrans0.ltrans.o
 *fill*         0x0800a766        0x2 
 .rodata.chDbgCheckClassS.str1.4
                0x0800a768        0x6 C:\Users\johnb\AppData\Local\Temp\cc9b1gbG.ltrans0.ltrans.o
 *fill*         0x0800a76e        0x2 
 .rodata.chSchGoSleepS.str1.4
                0x0800a770        0xf C:\Users\johnb\AppData\Local\Temp\cc9b1gbG.ltrans0.ltrans.o
 *fill*         0x0800a77f        0x1 
 .rodata.ram_areas
                0x0800a780       0x80 C:\Users\johnb\AppData\Local\Temp\cc9b1gbG.ltrans0.ltrans.o
 .rodata.Thread1.str1.4
                0x0800a800        0x8 C:\Users\johnb\AppData\Local\Temp\cc9b1gbG.ltrans1.ltrans.o
 .rodata.__func__.5993.lto_priv.100
                0x0800a808        0xc C:\Users\johnb\AppData\Local\Temp\cc9b1gbG.ltrans1.ltrans.o
 .rodata.__func__.5993.lto_priv.98
                0x0800a814        0xc C:\Users\johnb\AppData\Local\Temp\cc9b1gbG.ltrans1.ltrans.o
 .rodata.__func__.5993.lto_priv.99
                0x0800a820        0xc C:\Users\johnb\AppData\Local\Temp\cc9b1gbG.ltrans1.ltrans.o
                0x0800a820                __func__.5993.lto_priv.99
 .rodata.__func__.6371
                0x0800a82c        0xc C:\Users\johnb\AppData\Local\Temp\cc9b1gbG.ltrans1.ltrans.o
 .rodata.__func__.6732
                0x0800a838        0xc C:\Users\johnb\AppData\Local\Temp\cc9b1gbG.ltrans1.ltrans.o
 .rodata.__func__.6767
                0x0800a844        0xb C:\Users\johnb\AppData\Local\Temp\cc9b1gbG.ltrans1.ltrans.o
 *fill*         0x0800a84f        0x1 
 .rodata.__func__.6774
                0x0800a850        0xb C:\Users\johnb\AppData\Local\Temp\cc9b1gbG.ltrans1.ltrans.o
 *fill*         0x0800a85b        0x1 
 .rodata.__func__.7656
                0x0800a85c        0x9 C:\Users\johnb\AppData\Local\Temp\cc9b1gbG.ltrans1.ltrans.o
 *fill*         0x0800a865        0x3 
 .rodata.__func__.8024
                0x0800a868        0x9 C:\Users\johnb\AppData\Local\Temp\cc9b1gbG.ltrans1.ltrans.o
 *fill*         0x0800a871        0x3 
 .rodata._test_assert_time_window.constprop.3.str1.4
                0x0800a874       0x13 C:\Users\johnb\AppData\Local\Temp\cc9b1gbG.ltrans1.ltrans.o
 *fill*         0x0800a887        0x1 
 .rodata.ch_debug
                0x0800a888       0x16 C:\Users\johnb\AppData\Local\Temp\cc9b1gbG.ltrans1.ltrans.o
 *fill*         0x0800a89e        0x2 
 .rodata.cmd_write.str1.4
                0x0800a8a0       0x1f C:\Users\johnb\AppData\Local\Temp\cc9b1gbG.ltrans1.ltrans.o
 *fill*         0x0800a8bf        0x1 
 .rodata.commands
                0x0800a8c0       0x10 C:\Users\johnb\AppData\Local\Temp\cc9b1gbG.ltrans1.ltrans.o
 .rodata.fsparams
                0x0800a8d0        0xc C:\Users\johnb\AppData\Local\Temp\cc9b1gbG.ltrans1.ltrans.o
 .rodata.hsparams
                0x0800a8dc        0xc C:\Users\johnb\AppData\Local\Temp\cc9b1gbG.ltrans1.ltrans.o
 .rodata.idle_descriptor.6712
                0x0800a8e8       0x18 C:\Users\johnb\AppData\Local\Temp\cc9b1gbG.ltrans1.ltrans.o
 .rodata.main.str1.4
                0x0800a900       0x12 C:\Users\johnb\AppData\Local\Temp\cc9b1gbG.ltrans1.ltrans.o
 *fill*         0x0800a912        0x2 
 .rodata.serusbcfg
                0x0800a914        0x8 C:\Users\johnb\AppData\Local\Temp\cc9b1gbG.ltrans1.ltrans.o
 .rodata.shell_cfg1
                0x0800a91c        0x8 C:\Users\johnb\AppData\Local\Temp\cc9b1gbG.ltrans1.ltrans.o
 .rodata.str1.4
                0x0800a924        0xd C:\Users\johnb\AppData\Local\Temp\cc9b1gbG.ltrans1.ltrans.o
 *fill*         0x0800a931        0x3 
 .rodata.usbcfg
                0x0800a934       0x10 C:\Users\johnb\AppData\Local\Temp\cc9b1gbG.ltrans1.ltrans.o
 .rodata.vmt    0x0800a944       0x20 C:\Users\johnb\AppData\Local\Temp\cc9b1gbG.ltrans1.ltrans.o
 .rodata.__func__.5993.lto_priv.171
                0x0800a964        0xc C:\Users\johnb\AppData\Local\Temp\cc9b1gbG.ltrans2.ltrans.o
                0x0800a964                __func__.5993.lto_priv.171
 .rodata.__func__.6735
                0x0800a970        0xc C:\Users\johnb\AppData\Local\Temp\cc9b1gbG.ltrans2.ltrans.o
 .rodata.__func__.6751
                0x0800a97c       0x11 C:\Users\johnb\AppData\Local\Temp\cc9b1gbG.ltrans2.ltrans.o
 *fill*         0x0800a98d        0x3 
 .rodata.test_004_001_execute.lto_priv.188.str1.4
                0x0800a990       0x2b C:\Users\johnb\AppData\Local\Temp\cc9b1gbG.ltrans2.ltrans.o
 *fill*         0x0800a9bb        0x1 
 .rodata.test_004_002_execute.lto_priv.190.str1.4
                0x0800a9bc       0x26 C:\Users\johnb\AppData\Local\Temp\cc9b1gbG.ltrans2.ltrans.o
                                 0x2e (size before relaxing)
 *fill*         0x0800a9e2        0x2 
 .rodata.test_004_003_execute.lto_priv.192.str1.4
                0x0800a9e4       0x16 C:\Users\johnb\AppData\Local\Temp\cc9b1gbG.ltrans2.ltrans.o
 *fill*         0x0800a9fa        0x2 
 .rodata.test_004_004_execute.lto_priv.194.str1.4
                0x0800a9fc       0x10 C:\Users\johnb\AppData\Local\Temp\cc9b1gbG.ltrans2.ltrans.o
 .rodata.test_004_005_execute.lto_priv.197.str1.4
                0x0800aa0c       0x21 C:\Users\johnb\AppData\Local\Temp\cc9b1gbG.ltrans2.ltrans.o
 *fill*         0x0800aa2d        0x3 
 .rodata.test_004_006_execute.lto_priv.198.str1.4
                0x0800aa30       0x3f C:\Users\johnb\AppData\Local\Temp\cc9b1gbG.ltrans2.ltrans.o
                                 0x46 (size before relaxing)
 *fill*         0x0800aa6f        0x1 
 .rodata.__func__.6496
                0x0800aa70        0x9 C:\Users\johnb\AppData\Local\Temp\cc9b1gbG.ltrans3.ltrans.o
 *fill*         0x0800aa79        0x3 
 .rodata.test_010_001_execute.lto_priv.239.str1.4
                0x0800aa7c       0x55 C:\Users\johnb\AppData\Local\Temp\cc9b1gbG.ltrans3.ltrans.o
 *fill*         0x0800aad1        0x3 
 .rodata.test_010_002_execute.lto_priv.240.str1.4
                0x0800aad4       0x2a C:\Users\johnb\AppData\Local\Temp\cc9b1gbG.ltrans3.ltrans.o
 *fill*         0x0800aafe        0x2 
 .rodata.test_011_001_execute.lto_priv.242.str1.4
                0x0800ab00       0xb2 C:\Users\johnb\AppData\Local\Temp\cc9b1gbG.ltrans3.ltrans.o
                                 0xd2 (size before relaxing)
 *fill*         0x0800abb2        0x2 
 .rodata.test_011_002_execute.lto_priv.244.str1.4
                0x0800abb4       0x3c C:\Users\johnb\AppData\Local\Temp\cc9b1gbG.ltrans3.ltrans.o
                                 0x44 (size before relaxing)
 .rodata.test_012_003_execute.lto_priv.247.str1.4
                0x0800abf0        0xa C:\Users\johnb\AppData\Local\Temp\cc9b1gbG.ltrans3.ltrans.o
 *fill*         0x0800abfa        0x2 
 .rodata.test_012_006_execute.lto_priv.250.str1.4
                0x0800abfc        0xb C:\Users\johnb\AppData\Local\Temp\cc9b1gbG.ltrans3.ltrans.o
 *fill*         0x0800ac07        0x1 
 .rodata.test_012_007_execute.lto_priv.252.str1.4
                0x0800ac08       0x11 C:\Users\johnb\AppData\Local\Temp\cc9b1gbG.ltrans3.ltrans.o
 *fill*         0x0800ac19        0x3 
 .rodata.test_012_008_execute.lto_priv.253.str1.4
                0x0800ac1c       0x1a C:\Users\johnb\AppData\Local\Temp\cc9b1gbG.ltrans3.ltrans.o
 *fill*         0x0800ac36        0x2 
 .rodata.wa     0x0800ac38       0x14 C:\Users\johnb\AppData\Local\Temp\cc9b1gbG.ltrans3.ltrans.o
                0x0800ac38                wa
 .rodata.__func__.5993
                0x0800ac4c        0xc C:\Users\johnb\AppData\Local\Temp\cc9b1gbG.ltrans4.ltrans.o
 .rodata.__func__.6371
                0x0800ac58        0xc C:\Users\johnb\AppData\Local\Temp\cc9b1gbG.ltrans4.ltrans.o
 .rodata.__func__.6716
                0x0800ac64       0x14 C:\Users\johnb\AppData\Local\Temp\cc9b1gbG.ltrans4.ltrans.o
 .rodata.__func__.6721
                0x0800ac78        0xd C:\Users\johnb\AppData\Local\Temp\cc9b1gbG.ltrans4.ltrans.o
 *fill*         0x0800ac85        0x3 
 .rodata.__func__.6731
                0x0800ac88        0xc C:\Users\johnb\AppData\Local\Temp\cc9b1gbG.ltrans4.ltrans.o
 .rodata.__func__.6735
                0x0800ac94        0xb C:\Users\johnb\AppData\Local\Temp\cc9b1gbG.ltrans4.ltrans.o
 *fill*         0x0800ac9f        0x1 
 .rodata.__func__.7604
                0x0800aca0        0xb C:\Users\johnb\AppData\Local\Temp\cc9b1gbG.ltrans4.ltrans.o
 *fill*         0x0800acab        0x1 
 .rodata.__func__.7989
                0x0800acac       0x13 C:\Users\johnb\AppData\Local\Temp\cc9b1gbG.ltrans4.ltrans.o
 *fill*         0x0800acbf        0x1 
 .rodata.__func__.8003
                0x0800acc0       0x19 C:\Users\johnb\AppData\Local\Temp\cc9b1gbG.ltrans4.ltrans.o
 *fill*         0x0800acd9        0x3 
 .rodata.__func__.8010
                0x0800acdc       0x17 C:\Users\johnb\AppData\Local\Temp\cc9b1gbG.ltrans4.ltrans.o
 *fill*         0x0800acf3        0x1 
 .rodata.__func__.8024
                0x0800acf4        0xf C:\Users\johnb\AppData\Local\Temp\cc9b1gbG.ltrans4.ltrans.o
 *fill*         0x0800ad03        0x1 
 .rodata.__func__.8041
                0x0800ad04       0x11 C:\Users\johnb\AppData\Local\Temp\cc9b1gbG.ltrans4.ltrans.o
 *fill*         0x0800ad15        0x3 
 .rodata.__func__.8049
                0x0800ad18       0x17 C:\Users\johnb\AppData\Local\Temp\cc9b1gbG.ltrans4.ltrans.o
 *fill*         0x0800ad2f        0x1 
 .rodata.__func__.8063
                0x0800ad30       0x1a C:\Users\johnb\AppData\Local\Temp\cc9b1gbG.ltrans4.ltrans.o
 *fill*         0x0800ad4a        0x2 
 .rodata.__func__.8072
                0x0800ad4c       0x13 C:\Users\johnb\AppData\Local\Temp\cc9b1gbG.ltrans4.ltrans.o
 *fill*         0x0800ad5f        0x1 
 .rodata.__func__.8087
                0x0800ad60       0x10 C:\Users\johnb\AppData\Local\Temp\cc9b1gbG.ltrans4.ltrans.o
 .rodata.__func__.5993.lto_priv.145
                0x0800ad70        0xc C:\Users\johnb\AppData\Local\Temp\cc9b1gbG.ltrans5.ltrans.o
                0x0800ad70                __func__.5993.lto_priv.145
 .rodata.__func__.5993.lto_priv.146
                0x0800ad7c        0xc C:\Users\johnb\AppData\Local\Temp\cc9b1gbG.ltrans5.ltrans.o
 .rodata.__func__.6496
                0x0800ad88        0x9 C:\Users\johnb\AppData\Local\Temp\cc9b1gbG.ltrans5.ltrans.o
 *fill*         0x0800ad91        0x3 
 .rodata.__func__.6742
                0x0800ad94        0xc C:\Users\johnb\AppData\Local\Temp\cc9b1gbG.ltrans5.ltrans.o
 .rodata.__func__.6747
                0x0800ada0       0x13 C:\Users\johnb\AppData\Local\Temp\cc9b1gbG.ltrans5.ltrans.o
 *fill*         0x0800adb3        0x1 
 .rodata.__func__.6761
                0x0800adb4        0xe C:\Users\johnb\AppData\Local\Temp\cc9b1gbG.ltrans5.ltrans.o
 *fill*         0x0800adc2        0x2 
 .rodata.evhndl
                0x0800adc4        0xc C:\Users\johnb\AppData\Local\Temp\cc9b1gbG.ltrans5.ltrans.o
 .rodata.test_005_001_execute.lto_priv.200.str1.4
                0x0800add0        0xe C:\Users\johnb\AppData\Local\Temp\cc9b1gbG.ltrans5.ltrans.o
 .rodata.test_005_004_execute.lto_priv.203.str1.4
                0x0800add0       0x15 C:\Users\johnb\AppData\Local\Temp\cc9b1gbG.ltrans5.ltrans.o
 *fill*         0x0800ade5        0x3 
 .rodata.test_005_005_execute.lto_priv.205.str1.4
                0x0800ade8       0x28 C:\Users\johnb\AppData\Local\Temp\cc9b1gbG.ltrans5.ltrans.o
                                 0x38 (size before relaxing)
 .rodata.test_005_009_execute.lto_priv.211.str1.4
                0x0800ae10        0xa C:\Users\johnb\AppData\Local\Temp\cc9b1gbG.ltrans5.ltrans.o
 .rodata.test_006_001_execute.lto_priv.212.str1.4
                0x0800ae10        0x5 C:\Users\johnb\AppData\Local\Temp\cc9b1gbG.ltrans5.ltrans.o
 .rodata.test_007_001_execute.lto_priv.213.str1.4
                0x0800ae10       0x1b C:\Users\johnb\AppData\Local\Temp\cc9b1gbG.ltrans5.ltrans.o
 *fill*         0x0800ae2b        0x1 
 .rodata.test_007_002_execute.lto_priv.215.str1.4
                0x0800ae2c        0x4 C:\Users\johnb\AppData\Local\Temp\cc9b1gbG.ltrans5.ltrans.o
                                 0x18 (size before relaxing)
 .rodata.__func__.5993.lto_priv.128
                0x0800ae30        0xc C:\Users\johnb\AppData\Local\Temp\cc9b1gbG.ltrans6.ltrans.o
                0x0800ae30                __func__.5993.lto_priv.128
 .rodata.__func__.6371.lto_priv.119
                0x0800ae3c        0xc C:\Users\johnb\AppData\Local\Temp\cc9b1gbG.ltrans6.ltrans.o
                0x0800ae3c                __func__.6371.lto_priv.119
 .rodata.__func__.6371.lto_priv.120
                0x0800ae48        0xc C:\Users\johnb\AppData\Local\Temp\cc9b1gbG.ltrans6.ltrans.o
 .rodata.__func__.7683
                0x0800ae54        0xc C:\Users\johnb\AppData\Local\Temp\cc9b1gbG.ltrans6.ltrans.o
 .rodata.chprintf.str1.4
                0x0800ae60        0x7 C:\Users\johnb\AppData\Local\Temp\cc9b1gbG.ltrans6.ltrans.o
 *fill*         0x0800ae67        0x1 
 .rodata.cmd_echo.str1.4
                0x0800ae68       0x15 C:\Users\johnb\AppData\Local\Temp\cc9b1gbG.ltrans6.ltrans.o
 *fill*         0x0800ae7d        0x3 
 .rodata.cmd_info.str1.4
                0x0800ae80      0x199 C:\Users\johnb\AppData\Local\Temp\cc9b1gbG.ltrans6.ltrans.o
 *fill*         0x0800b019        0x3 
 .rodata.cmd_mem.str1.4
                0x0800b01c       0x7a C:\Users\johnb\AppData\Local\Temp\cc9b1gbG.ltrans6.ltrans.o
 *fill*         0x0800b096        0x2 
 .rodata.cmd_systime.str1.4
                0x0800b098        0xe C:\Users\johnb\AppData\Local\Temp\cc9b1gbG.ltrans6.ltrans.o
 *fill*         0x0800b0a6        0x2 
 .rodata.cmd_test.str1.4
                0x0800b0a8       0x1c C:\Users\johnb\AppData\Local\Temp\cc9b1gbG.ltrans6.ltrans.o
                                 0x24 (size before relaxing)
 .rodata.cmd_threads.str1.4
                0x0800b0c4       0x6f C:\Users\johnb\AppData\Local\Temp\cc9b1gbG.ltrans6.ltrans.o
                                 0x73 (size before relaxing)
 *fill*         0x0800b133        0x1 
 .rodata.ep1config
                0x0800b134       0x24 C:\Users\johnb\AppData\Local\Temp\cc9b1gbG.ltrans6.ltrans.o
 .rodata.ep2config
                0x0800b158       0x24 C:\Users\johnb\AppData\Local\Temp\cc9b1gbG.ltrans6.ltrans.o
 .rodata.parse_arguments.str1.4
                0x0800b17c        0x3 C:\Users\johnb\AppData\Local\Temp\cc9b1gbG.ltrans6.ltrans.o
 *fill*         0x0800b17f        0x1 
 .rodata.shellThread.str1.4
                0x0800b180       0x93 C:\Users\johnb\AppData\Local\Temp\cc9b1gbG.ltrans6.ltrans.o
                                 0x97 (size before relaxing)
 *fill*         0x0800b213        0x1 
 .rodata.shell_local_commands
                0x0800b214       0x40 C:\Users\johnb\AppData\Local\Temp\cc9b1gbG.ltrans6.ltrans.o
 .rodata.states.8104
                0x0800b254       0x40 C:\Users\johnb\AppData\Local\Temp\cc9b1gbG.ltrans6.ltrans.o
 .rodata.str1.4
                0x0800b294       0x92 C:\Users\johnb\AppData\Local\Temp\cc9b1gbG.ltrans6.ltrans.o
 *fill*         0x0800b326        0x2 
 .rodata.test_012_009_execute.lto_priv.254.str1.4
                0x0800b328        0xa C:\Users\johnb\AppData\Local\Temp\cc9b1gbG.ltrans6.ltrans.o
 *fill*         0x0800b332        0x2 
 .rodata.test_012_010_execute.lto_priv.256.str1.4
                0x0800b334        0xf C:\Users\johnb\AppData\Local\Temp\cc9b1gbG.ltrans6.ltrans.o
 *fill*         0x0800b343        0x1 
 .rodata.test_012_011_execute.lto_priv.258.str1.4
                0x0800b344        0xf C:\Users\johnb\AppData\Local\Temp\cc9b1gbG.ltrans6.ltrans.o
                                 0x1f (size before relaxing)
 *fill*         0x0800b353        0x1 
 .rodata.test_012_012_execute.lto_priv.259.str1.4
                0x0800b354       0x95 C:\Users\johnb\AppData\Local\Temp\cc9b1gbG.ltrans6.ltrans.o
 *fill*         0x0800b3e9        0x3 
 .rodata.vcom_configuration_descriptor
                0x0800b3ec        0x8 C:\Users\johnb\AppData\Local\Temp\cc9b1gbG.ltrans6.ltrans.o
 .rodata.vcom_configuration_descriptor_data
                0x0800b3f4       0x43 C:\Users\johnb\AppData\Local\Temp\cc9b1gbG.ltrans6.ltrans.o
 *fill*         0x0800b437        0x1 
 .rodata.vcom_device_descriptor
                0x0800b438        0x8 C:\Users\johnb\AppData\Local\Temp\cc9b1gbG.ltrans6.ltrans.o
 .rodata.vcom_device_descriptor_data
                0x0800b440       0x12 C:\Users\johnb\AppData\Local\Temp\cc9b1gbG.ltrans6.ltrans.o
 *fill*         0x0800b452        0x2 
 .rodata.vcom_string0
                0x0800b454        0x4 C:\Users\johnb\AppData\Local\Temp\cc9b1gbG.ltrans6.ltrans.o
 .rodata.vcom_string1
                0x0800b458       0x26 C:\Users\johnb\AppData\Local\Temp\cc9b1gbG.ltrans6.ltrans.o
 *fill*         0x0800b47e        0x2 
 .rodata.vcom_string2
                0x0800b480       0x38 C:\Users\johnb\AppData\Local\Temp\cc9b1gbG.ltrans6.ltrans.o
 .rodata.vcom_string3
                0x0800b4b8        0x8 C:\Users\johnb\AppData\Local\Temp\cc9b1gbG.ltrans6.ltrans.o
 .rodata.vcom_strings
                0x0800b4c0       0x20 C:\Users\johnb\AppData\Local\Temp\cc9b1gbG.ltrans6.ltrans.o
 .rodata.__func__.8020.lto_priv.261